Component: ARM Compiler 5.06 update 7 (build 960) Tool: armlink [4d3601]

==============================================================================

Section Cross References

    main.o(.text) refers to rtx_kernel.o(.text) for osKernelGetState
    main.o(.text) refers to stm32f4xx_hal_rcc.o(.text) for HAL_RCC_OscConfig
    main.o(.text) refers to stm32f4xx_hal.o(.text) for HAL_GetREVID
    main.o(.text) refers to system_stm32f4xx_1.o(.text) for SystemCoreClockUpdate
    main.o(.text) refers to rtx_thread.o(.text) for osThreadNew
    main.o(.text) refers to system_stm32f4xx_1.o(.data) for SystemCoreClock
    main.o(.text) refers to main.o(.data) for .data
    main.o(.text) refers to http_server.o(.constdata) for app_main_attr
    main.o(.text) refers to http_server.o(.text) for app_main
    http_server.o(.text) refers to adc.o(.text) for ADC_Init_Single_Conversion
    http_server.o(.text) refers to rtx_thread.o(.text) for osThreadFlagsSet
    http_server.o(.text) refers to rtc.o(.text) for RTC_CalendarShow
    http_server.o(.text) refers to strcpy.o(.text) for strcpy
    http_server.o(.text) refers to rtx_msgqueue.o(.text) for osMessageQueuePut
    http_server.o(.text) refers to led.o(.text) for LED_SetOut
    http_server.o(.text) refers to rtx_delay.o(.text) for osDelay
    http_server.o(.text) refers to net_sys.o(i.netInitialize) for netInitialize
    http_server.o(.text) refers to lcd.o(.text) for Init_LCD
    http_server.o(.text) refers to sntp.o(.text) for Init_SNTP
    http_server.o(.text) refers to stm32f4xx_hal_cortex.o(.text) for HAL_NVIC_EnableIRQ
    http_server.o(.text) refers to stm32f4xx_hal_gpio.o(.text) for HAL_GPIO_Init
    http_server.o(.text) refers to http_server.o(.data) for .data
    http_server.o(.text) refers to http_server.o(.bss) for .bss
    http_server.o(.text) refers to lcd.o(.data) for queueLCD
    http_server.o(.constdata) refers to http_server.o(.bss) for app_main_stk
    http_server_cgi.o(.text) refers to net_http_server.o(i.netCGI_GetEnvVar) for netCGI_GetEnvVar
    http_server_cgi.o(.text) refers to net_addr.o(i.netIP_aton) for netIP_aton
    http_server_cgi.o(.text) refers to net_sys.o(i.netIF_SetOption) for netIF_SetOption
    http_server_cgi.o(.text) refers to strcmp.o(.text) for strcmp
    http_server_cgi.o(.text) refers to strncmp.o(.text) for strncmp
    http_server_cgi.o(.text) refers to led.o(.text) for LED_SetOut
    http_server_cgi.o(.text) refers to net_http_server.o(i.netHTTPs_LoginActive) for netHTTPs_LoginActive
    http_server_cgi.o(.text) refers to strcpy.o(.text) for strcpy
    http_server_cgi.o(.text) refers to net_http_server.o(i.netHTTPs_SetPassword) for netHTTPs_SetPassword
    http_server_cgi.o(.text) refers to rtx_msgqueue.o(.text) for osMessageQueuePut
    http_server_cgi.o(.text) refers to printfa.o(i.__0printf) for __2printf
    http_server_cgi.o(.text) refers to net_sys.o(i.netIF_GetOption) for netIF_GetOption
    http_server_cgi.o(.text) refers to net_addr.o(i.netIP_ntoa) for netIP_ntoa
    http_server_cgi.o(.text) refers to printfa.o(i.__0sprintf) for __2sprintf
    http_server_cgi.o(.text) refers to net_tcp.o(i.netTCP_GetState) for netTCP_GetState
    http_server_cgi.o(.text) refers to net_tcp.o(i.netTCP_GetPeer) for netTCP_GetPeer
    http_server_cgi.o(.text) refers to net_tcp.o(i.netTCP_GetTimer) for netTCP_GetTimer
    http_server_cgi.o(.text) refers to net_tcp.o(i.netTCP_GetLocalPort) for netTCP_GetLocalPort
    http_server_cgi.o(.text) refers to http_server_cgi.o(.bss) for .bss
    http_server_cgi.o(.text) refers to http_server_cgi.o(.data) for .data
    http_server_cgi.o(.text) refers to http_server.o(.data) for LEDrun
    http_server_cgi.o(.text) refers to http_server.o(.data) for lcd_text
    http_server_cgi.o(.text) refers to lcd.o(.data) for queueLCD
    http_server_cgi.o(.text) refers to http_server_cgi.o(.conststring) for .conststring
    http_server_cgi.o(.text) refers to net_http_server.o(i.netHTTPs_GetPassword) for netHTTPs_GetPassword
    http_server_cgi.o(.text) refers to net_http_server.o(i.netHTTPs_GetLanguage) for netHTTPs_GetLanguage
    http_server_cgi.o(.text) refers to http_server.o(.text) for AD_in
    http_server_cgi.o(.text) refers to ffltui.o(.text) for __aeabi_ui2f
    http_server_cgi.o(.text) refers to fmul.o(.text) for __aeabi_fmul
    http_server_cgi.o(.text) refers to f2d.o(.text) for __aeabi_f2d
    http_server_cgi.o(.text) refers to dscalb.o(.text) for __ARM_scalbn
    http_server_cgi.o(.text) refers to http_server.o(.bss) for aShowTime
    web.o(.text) refers to web.o(.constdata) for .constdata
    web.o(.constdata) refers to web.o(.constdata) for imageFileData
    led.o(.text) refers to stm32f4xx_hal_gpio.o(.text) for HAL_GPIO_Init
    led.o(.text) refers to led.o(.constdata) for .constdata
    lcd.o(.text) refers to stm32f4xx_hal_gpio.o(.text) for HAL_GPIO_WritePin
    lcd.o(.text) refers to rtx_thread.o(.text) for osThreadFlagsWait
[...]
    net_addr4_aton                           0x08013e95   Thumb Code   124  net_addr.o(i.net_addr4_aton)
    net_addr4_to_mac                         0x08013f11   Thumb Code    30  net_addr.o(i.net_addr4_to_mac)
    net_addr6_aton                           0x08013f31   Thumb Code   230  net_addr.o(i.net_addr6_aton)
    net_addr6_comp                           0x08014017   Thumb Code    40  net_addr.o(i.net_addr6_comp)
    net_addr6_copy                           0x0801403f   Thumb Code    18  net_addr.o(i.net_addr6_copy)
    net_addr6_create                         0x08014051   Thumb Code    70  net_addr.o(i.net_addr6_create)
    net_addr6_get_solicited                  0x0801409d   Thumb Code    34  net_addr.o(i.net_addr6_get_solicited)
    net_addr6_is_linklocal                   0x080140c5   Thumb Code    24  net_addr.o(i.net_addr6_is_linklocal)
    net_addr6_is_onlink                      0x080140dd   Thumb Code   110  net_addr.o(i.net_addr6_is_onlink)
    net_addr6_is_solicited                   0x0801414b   Thumb Code    72  net_addr.o(i.net_addr6_is_solicited)
    net_addr6_is_unspec                      0x08014193   Thumb Code    24  net_addr.o(i.net_addr6_is_unspec)
    net_addr6_to_mac                         0x080141ab   Thumb Code    14  net_addr.o(i.net_addr6_to_mac)
    net_addr_comp                            0x080141b9   Thumb Code    44  net_addr.o(i.net_addr_comp)
    net_addr_copy                            0x080141e5   Thumb Code    38  net_addr.o(i.net_addr_copy)
    net_addr_find_route                      0x0801420b   Thumb Code    26  net_addr.o(i.net_addr_find_route)
    net_addr_get_local                       0x08014225   Thumb Code    26  net_addr.o(i.net_addr_get_local)
    net_addr_is_unspec                       0x08014245   Thumb Code    34  net_addr.o(i.net_addr_is_unspec)
    net_arp_cache_add                        0x08014269   Thumb Code   276  net_arp.o(i.net_arp_cache_add)
    net_arp_cache_early                      0x08014385   Thumb Code   180  net_arp.o(i.net_arp_cache_early)
    net_arp_cache_find                       0x08014441   Thumb Code   224  net_arp.o(i.net_arp_cache_find)
    net_arp_cache_init                       0x0801452d   Thumb Code    64  net_arp.o(i.net_arp_cache_init)
    net_arp_cache_run                        0x08014575   Thumb Code    22  net_arp.o(i.net_arp_cache_run)
    net_arp_enqueue                          0x08014591   Thumb Code   114  net_arp.o(i.net_arp_enqueue)
    net_arp_notify                           0x08014609   Thumb Code    32  net_arp.o(i.net_arp_notify)
    net_arp_process                          0x08014629   Thumb Code   536  net_arp.o(i.net_arp_process)
    net_atoi                                 0x0801484d   Thumb Code    66  net_common.o(i.net_atoi)
    net_base64_decode                        0x08014891   Thumb Code   114  net_base64.o(i.net_base64_decode)
    net_chksum_buf                           0x08014909   Thumb Code    48  net_common.o(i.net_chksum_buf)
    net_crc_buf                              0x08014939   Thumb Code    30  net_common.o(i.net_crc_buf)
    net_eth_callback                         0x08014957   Thumb Code    14  net_eth.o(i.net_eth_callback)
    net_eth_config_mcast                     0x08014965   Thumb Code   104  net_eth.o(i.net_eth_config_mcast)
    net_eth_get_option                       0x080149cd   Thumb Code   234  net_eth.o(i.net_eth_get_option)
    net_eth_iface_init                       0x08014ab9   Thumb Code    22  net_eth.o(i.net_eth_iface_init)
    net_eth_iface_run                        0x08014ad5   Thumb Code    22  net_eth.o(i.net_eth_iface_run)
    net_eth_output                           0x08014af1   Thumb Code   164  net_eth.o(i.net_eth_output)
    net_eth_send_frame                       0x08014b99   Thumb Code   462  net_eth.o(i.net_eth_send_frame)
    net_eth_set_option                       0x08014d79   Thumb Code   610  net_eth.o(i.net_eth_set_option)
    net_http_server_init                     0x08014fe9   Thumb Code   212  net_http_server.o(i.net_http_server_init)
    net_http_server_run                      0x080150d1   Thumb Code    30  net_http_server.o(i.net_http_server_run)
    net_icmp6_init                           0x080150f9   Thumb Code    20  net_icmp6.o(i.net_icmp6_init)
    net_icmp6_process                        0x08015111   Thumb Code   542  net_icmp6.o(i.net_icmp6_process)
    net_icmp6_send                           0x08015349   Thumb Code   122  net_icmp6.o(i.net_icmp6_send)
    net_icmp6_send_echo                      0x080153cd   Thumb Code    78  net_icmp6.o(i.net_icmp6_send_echo)
    net_icmp_init                            0x08015425   Thumb Code    20  net_icmp.o(i.net_icmp_init)
    net_icmp_process                         0x0801543d   Thumb Code   430  net_icmp.o(i.net_icmp_process)
    net_icmp_send_echo                       0x08015605   Thumb Code   142  net_icmp.o(i.net_icmp_send_echo)
    net_if_map_all                           0x080156a5   Thumb Code     6  net_sys.o(i.net_if_map_all)
    net_igmp_collect_mcast                   0x080156b1   Thumb Code   104  net_igmp.o(i.net_igmp_collect_mcast)
    net_igmp_host_init                       0x0801571d   Thumb Code    68  net_igmp.o(i.net_igmp_host_init)
    net_igmp_host_run                        0x08015765   Thumb Code    22  net_igmp.o(i.net_igmp_host_run)
    net_igmp_is_member                       0x08015781   Thumb Code    28  net_igmp.o(i.net_igmp_is_member)
    net_igmp_process                         0x080157a1   Thumb Code   414  net_igmp.o(i.net_igmp_process)
    net_ip4_chk_frame                        0x0801594d   Thumb Code   372  net_ip4.o(i.net_ip4_chk_frame)
    net_ip4_chksum                           0x08015ad9   Thumb Code    44  net_ip4.o(i.net_ip4_chksum)
    net_ip4_chksum_buf                       0x08015b05   Thumb Code     6  net_ip4.o(i.net_ip4_chksum_buf)
    net_ip4_find_route                       0x08015b0d   Thumb Code   104  net_ip4.o(i.net_ip4_find_route)
    net_ip4_frag_add                         0x08015b8d   Thumb Code   284  net_ip4_frag.o(i.net_ip4_frag_add)
    net_ip4_frag_get                         0x08015cb1   Thumb Code   168  net_ip4_frag.o(i.net_ip4_frag_get)
    net_ip4_frag_init                        0x08015d5d   Thumb Code    12  net_ip4_frag.o(i.net_ip4_frag_init)
    net_ip4_frag_run                         0x08015d6d   Thumb Code    50  net_ip4_frag.o(i.net_ip4_frag_run)
    net_ip4_get_local                        0x08015da9   Thumb Code    40  net_ip4.o(i.net_ip4_get_local)
    net_ip4_init                             0x08015dd5   Thumb Code    22  net_ip4.o(i.net_ip4_init)
    net_ip4_is_onlink                        0x08015df9   Thumb Code    32  net_ip4.o(i.net_ip4_is_onlink)
    net_ip4_is_subcast                       0x08015e19   Thumb Code    38  net_ip4.o(i.net_ip4_is_subcast)
    net_ip4_reass_frame                      0x08015e3f   Thumb Code    14  net_ip4.o(i.net_ip4_reass_frame)
    net_ip4_send_frame                       0x08015e4d   Thumb Code   340  net_ip4.o(i.net_ip4_send_frame)
    net_ip4_tx_offl_hl                       0x08015fb1   Thumb Code    42  net_ip4.o(i.net_ip4_tx_offl_hl)
    net_ip6_chk_frame                        0x08015fdd   Thumb Code   236  net_ip6.o(i.net_ip6_chk_frame)
    net_ip6_chksum                           0x080160dd   Thumb Code    50  net_ip6.o(i.net_ip6_chksum)
    net_ip6_collect_mcast                    0x08016111   Thumb Code   118  net_ip6.o(i.net_ip6_collect_mcast)
    net_ip6_find_route                       0x0801618d   Thumb Code    56  net_ip6.o(i.net_ip6_find_route)
    net_ip6_get_local                        0x080161d5   Thumb Code    74  net_ip6.o(i.net_ip6_get_local)
    net_ip6_init                             0x08016229   Thumb Code    20  net_ip6.o(i.net_ip6_init)
    net_ip6_send_frame                       0x08016245   Thumb Code   192  net_ip6.o(i.net_ip6_send_frame)
    net_ip6_tx_offl_hl                       0x08016311   Thumb Code    30  net_ip6.o(i.net_ip6_tx_offl_hl)
    net_itoa                                 0x0801632f   Thumb Code     8  net_common.o(i.net_itoa)
    net_itoa_n0                              0x08016337   Thumb Code     6  net_common.o(i.net_itoa_n0)
    net_loop_iface_init                      0x0801633d   Thumb Code    40  net_loopback.o(i.net_loop_iface_init)
    net_loop_iface_run                       0x0801636d   Thumb Code   176  net_loopback.o(i.net_loop_iface_run)
    net_loop_send_frame                      0x08016429   Thumb Code   104  net_loopback.o(i.net_loop_send_frame)
    net_mem_alloc                            0x08016499   Thumb Code   178  net_mem.o(i.net_mem_alloc)
    net_mem_avail                            0x08016559   Thumb Code    22  net_mem.o(i.net_mem_avail)
    net_mem_free                             0x08016575   Thumb Code   152  net_mem.o(i.net_mem_free)
    net_mem_init                             0x08016619   Thumb Code    98  net_mem.o(i.net_mem_init)
    net_mem_shrink                           0x08016689   Thumb Code    62  net_mem.o(i.net_mem_shrink)
    net_nbns_client_init                     0x080166d1   Thumb Code    82  net_nbns_client.o(i.net_nbns_client_init)
    net_ndp_cache_find                       0x08016735   Thumb Code   438  net_ndp.o(i.net_ndp_cache_find)
    net_ndp_cache_refresh                    0x080168f9   Thumb Code   112  net_ndp.o(i.net_ndp_cache_refresh)
    net_ndp_enqueue                          0x08016971   Thumb Code   108  net_ndp.o(i.net_ndp_enqueue)
    net_ndp_process                          0x080169e1   Thumb Code   872  net_ndp.o(i.net_ndp_process)
    net_path                                 0x08016d55   Thumb Code    52  net_sys.o(i.net_path)
    net_ping_client_init                     0x08016d8d   Thumb Code    22  net_ping_core.o(i.net_ping_client_init)
    net_ping_client_run                      0x08016dad   Thumb Code   110  net_ping_core.o(i.net_ping_client_run)
    net_rand32                               0x08016e2d   Thumb Code    18  net_sys.o(i.net_rand32)
    net_sntp_client_init                     0x08016e49   Thumb Code    80  net_sntp_client_core.o(i.net_sntp_client_init)
    net_sntp_client_run                      0x08016ea5   Thumb Code    76  net_sntp_client_core.o(i.net_sntp_client_run)
    net_sntp_client_start                    0x08016efd   Thumb Code   312  net_sntp_client_core.o(i.net_sntp_client_start)
    net_strcasecmp                           0x08017045   Thumb Code    46  net_common.o(i.net_strcasecmp)
    net_strchr                               0x08017073   Thumb Code    22  net_common.o(i.net_strchr)
    net_strcmp                               0x08017089   Thumb Code    26  net_common.o(i.net_strcmp)
    net_strcpy                               0x080170a3   Thumb Code    18  net_common.o(i.net_strcpy)
    net_strnchr                              0x080170b5   Thumb Code    28  net_common.o(i.net_strnchr)
    net_strncpy                              0x080170d1   Thumb Code    26  net_common.o(i.net_strncpy)
    net_strtoupper                           0x080170eb   Thumb Code    32  net_common.o(i.net_strtoupper)
    net_sys_lock                             0x0801710d   Thumb Code     8  net_sys.o(i.net_sys_lock)
    net_sys_resume                           0x08017119   Thumb Code    22  net_sys.o(i.net_sys_resume)
    net_sys_tick                             0x08017131   Thumb Code    16  net_sys.o(i.net_sys_tick)
    net_sys_unlock                           0x08017145   Thumb Code     8  net_sys.o(i.net_sys_unlock)
    net_sys_wakeup                           0x08017151   Thumb Code    26  net_sys.o(i.net_sys_wakeup)
    net_tcp_abort                            0x08017171   Thumb Code   122  net_tcp.o(i.net_tcp_abort)
    net_tcp_close                            0x080171f5   Thumb Code   218  net_tcp.o(i.net_tcp_close)
    net_tcp_get_buf                          0x080172d9   Thumb Code    46  net_tcp.o(i.net_tcp_get_buf)
    net_tcp_get_local_port                   0x08017309   Thumb Code    48  net_tcp.o(i.net_tcp_get_local_port)
    net_tcp_get_mss                          0x0801733d   Thumb Code    34  net_tcp.o(i.net_tcp_get_mss)
    net_tcp_get_peer                         0x08017365   Thumb Code    80  net_tcp.o(i.net_tcp_get_peer)
    net_tcp_get_socket                       0x080173b9   Thumb Code   104  net_tcp.o(i.net_tcp_get_socket)
    net_tcp_get_state                        0x08017429   Thumb Code    40  net_tcp.o(i.net_tcp_get_state)
    net_tcp_get_timer                        0x08017455   Thumb Code    48  net_tcp.o(i.net_tcp_get_timer)
    net_tcp_listen                           0x08017489   Thumb Code   168  net_tcp.o(i.net_tcp_listen)
    net_tcp_process                          0x08017539   Thumb Code  1956  net_tcp.o(i.net_tcp_process)
    net_tcp_send                             0x08017ce1   Thumb Code   336  net_tcp.o(i.net_tcp_send)
    net_tcp_set_option                       0x08017e3d   Thumb Code   288  net_tcp.o(i.net_tcp_set_option)
    net_tcp_socket_init                      0x08017f69   Thumb Code    30  net_tcp.o(i.net_tcp_socket_init)
    net_tcp_socket_run                       0x08017f91   Thumb Code   938  net_tcp.o(i.net_tcp_socket_run)
    net_udp_close                            0x08018351   Thumb Code    62  net_udp.o(i.net_udp_close)
    net_udp_get_buf                          0x08018399   Thumb Code    46  net_udp.o(i.net_udp_get_buf)
    net_udp_get_socket                       0x080183c9   Thumb Code   102  net_udp.o(i.net_udp_get_socket)
    net_udp_open                             0x08018439   Thumb Code   160  net_udp.o(i.net_udp_open)
    net_udp_process                          0x080184e5   Thumb Code   322  net_udp.o(i.net_udp_process)
    net_udp_send                             0x0801863d   Thumb Code    18  net_udp.o(i.net_udp_send)
    net_udp_send_if                          0x08018651   Thumb Code   540  net_udp.o(i.net_udp_send_if)
    net_udp_socket_init                      0x0801887d   Thumb Code    30  net_udp.o(i.net_udp_socket_init)
    net_ultoa                                0x080188a1   Thumb Code     8  net_common.o(i.net_ultoa)
    net_ultox                                0x080188a9   Thumb Code    44  net_common.o(i.net_ultox)
    net_xtoul                                0x080188d9   Thumb Code    76  net_common.o(i.net_xtoul)
    app_main_attr                            0x08019580   Data          36  http_server.o(.constdata)
    imageLastModified                        0x080195a4   Data           4  web.o(.constdata)
    Arial12x12                               0x08020074   Data        2400  lcd.o(.constdata)
    ntp_server_1                             0x080209d4   Data           8  sntp.o(.constdata)
    osRtxUserSVC                             0x08020a3c   Data           4  rtx_lib.o(.constdata)
    Driver_ETH_PHY0                          0x08020a44   Data          32  phy_lan8742a.o(.constdata)
    Driver_ETH_MAC0                          0x08020ab4   Data          68  emac_stm32f4xx.o(.constdata)
    Driver_SPI1                              0x08020b4c   Data          44  spi_stm32f4xx.o(.constdata)
    EventRecorderInfo                        0x08020b78   Data          24  eventrecorder.o(.constdata)
    AHBPrescTable                            0x08020b98   Data          16  system_stm32f4xx_1.o(.constdata)
    APBPrescTable                            0x08020ba8   Data           8  system_stm32f4xx_1.o(.constdata)
    net_sys_config                           0x08020c58   Data          28  net_config.o(.constdata)
    net_eth0_if_config                       0x08020ccc   Data          44  net_config.o(.constdata)
    net_eth_list                             0x08020cf8   Data           8  net_config.o(.constdata)
    net_if_list_lan                          0x08020d00   Data           8  net_config.o(.constdata)
    net_if_list_all                          0x08020d08   Data           8  net_config.o(.constdata)
    net_if_inet_def                          0x08020d10   Data           8  net_config.o(.constdata)
    net_if_link_def                          0x08020d18   Data           8  net_config.o(.constdata)
    net_arp_list                             0x08020d20   Data           8  net_config.o(.constdata)
    net_icmp_list                            0x08020d28   Data           8  net_config.o(.constdata)
    net_igmp_list                            0x08020d30   Data           8  net_config.o(.constdata)
    net_icmp6_list                           0x08020d38   Data           4  net_config.o(.constdata)
    net_ip4_frag_config                      0x08020d3c   Data           8  net_config.o(.constdata)
    net_udp_config                           0x08020d44   Data          12  net_config.o(.constdata)
    net_tcp_config                           0x08020d50   Data          24  net_config.o(.constdata)
    net_http_config                          0x08020d68   Data          52  net_config.o(.constdata)
    net_sntp_config                          0x08020d9c   Data           8  net_config.o(.constdata)
    netif_getopt_func                        0x08020dfc   Data          16  net_config.o(.constdata)
    netif_setopt_func                        0x08020e0c   Data          16  net_config.o(.constdata)
    net_loop_if_config                       0x08020e24   Data          44  net_loopback.o(.constdata)
    net_http_auth_basic_func                 0x08020f60   Data          24  net_http_server_auth.o(.constdata)
    net_ping_payload                         0x08020f78   Data          18  net_ping_core.o(.constdata)
    net_addr_unspec                          0x08020f8a   Data          16  net_addr.o(.constdata)
    net_addr_bcast                           0x08020f9a   Data           6  net_addr.o(.constdata)
    net_addr4_loopback                       0x08020fa0   Data           4  net_ip4.o(.constdata)
    net_addr6_all_nodes                      0x08020fa4   Data          16  net_ip6.o(.constdata)
    net_addr6_loopback                       0x08020fb4   Data          16  net_ip6.o(.constdata)
    net_http_error                           0x08020fc4   Data          24  net_http_server_err.o(.constdata)
    net_lib_version                          0x0802107c   Data           4  net_version.o(.constdata)
    network_ip4ip6_debug_v7.15.0             0x0802107c   Data           4  net_version.o(.constdata)
    osRtxConfig                              0x0802146c   Data         112  rtx_lib.o(.rodata)
    os_cb_sections                           0x080214dc   Data          56  rtx_lib.o(.rodata)
    Region$$Table$$Base                      0x08021514   Number         0  anon$$obj.o(Region$$Table)
    Region$$Table$$Limit                     0x08021544   Number         0  anon$$obj.o(Region$$Table)
    .bss.os.msgqueue.cb$$Base                0x20008044   Number         0  rtx_lib.o(.bss.os.msgqueue.cb)
    .bss.os.msgqueue.cb$$Limit               0x20008078   Number         0  rtx_lib.o(.bss.os.msgqueue.cb)
    .bss.os.mutex.cb$$Base                   0x200080c8   Number         0  net_config.o(.bss.os.mutex.cb)
    .bss.os.mutex.cb$$Limit                  0x20008100   Number         0  net_config.o(.bss.os.mutex.cb)
    .bss.os.semaphore.cb$$Base               0x20008100   Number         0  net_config.o(.bss.os.semaphore.cb)
    .bss.os.semaphore.cb$$Limit              0x20008110   Number         0  net_config.o(.bss.os.semaphore.cb)
    .bss.os.thread.cb$$Base                  0x20008110   Number         0  rtx_lib.o(.bss.os.thread.cb)
    .bss.os.thread.cb$$Limit                 0x20008220   Number         0  net_config.o(.bss.os.thread.cb)
    .bss.os.timer.cb$$Base                   0x20008620   Number         0  net_config.o(.bss.os.timer.cb)
    .bss.os.timer.cb$$Limit                  0x20008640   Number         0  net_config.o(.bss.os.timer.cb)
    lcd_text                                 0x20008644   Data          42  http_server.o(.data)
    LEDrun                                   0x20008670   Data           1  http_server.o(.data)
    TID_Display                              0x20008678   Data           4  http_server.o(.data)
    TID_Led                                  0x2000867c   Data           4  http_server.o(.data)
    queueLCD                                 0x20008690   Data           4  lcd.o(.data)
    tid_ThLCD                                0x20008694   Data           4  lcd.o(.data)
    tid_alarma                               0x20008698   Data           4  rtc.o(.data)
    periodic_id                              0x2000869c   Data           4  rtc.o(.data)
    sdatestructure                           0x200086a4   Data           4  rtc.o(.data)
    tid_SNTP                                 0x200086a8   Data           4  sntp.o(.data)
    sdatest_ntp                              0x200086ac   Data           4  sntp.o(.data)
    ITM_RxBuffer                             0x200086b0   Data           4  retarget_io.o(.data)
    uwTickFreq                               0x200086b4   Data           1  stm32f4xx_hal.o(.data)
    uwTickPrio                               0x200086b8   Data           4  stm32f4xx_hal.o(.data)
    uwTick                                   0x200086bc   Data           4  stm32f4xx_hal.o(.data)
    SystemCoreClock                          0x200086c0   Data           4  system_stm32f4xx_1.o(.data)
    net_eth0_igmp_control                    0x200086d2   Data           4  net_igmp.o(.data)
    net_eth0_icmp_control                    0x200086e0   Data           1  net_icmp.o(.data)
    __stdout                                 0x20008704   Data           4  stdout.o(.data)
    __stderr                                 0x20008708   Data           4  stderr.o(.data)
    osRtxInfo                                0x2000870c   Data         164  rtx_kernel.o(.data.os)
    aShowTime                                0x200087b0   Data          50  http_server.o(.bss)
    aShowDate                                0x200087e2   Data          50  http_server.o(.bss)
    app_main_stk                             0x20008830   Data        1024  http_server.o(.bss)
    stimestructure                           0x20008ef4   Data          20  rtc.o(.bss)
    stimestr_ntp                             0x20008f08   Data          20  sntp.o(.bss)
    net_eth0_if_control                      0x2000eff8   Data         160  net_eth.o(.bss)
    net_eth0_arp_control                     0x2000f098   Data          24  net_arp.o(.bss)
    net_http_control                         0x2000f150   Data          20  net_http_server.o(.bss)
    net_sntp_control                         0x2000f164   Data          44  net_sntp_client_core.o(.bss)
    net_ping_control                         0x2000f190   Data          44  net_ping_core.o(.bss)
    net_sys_control                          0x2000f1cc   Data          28  net_sys.o(.bss)
    net_dbg_buf                              0x2000f1f4   Data          36  net_sys.o(.bss)
    __initial_sp                             0x2000f6b8   Data           0  startup_stm32f429xx.o(STACK)



==============================================================================

Memory Map of the image

  Image Entry point : 0x080001ad

  Load Region LR_IROM1 (Base: 0x08000000, Size: 0x00029cf4, Max: 0x00200000, ABSOLUTE, COMPRESSED[0x00021680])

    Execution Region ER_IROM1 (Exec base: 0x08000000, Load base: 0x08000000, Size: 0x00021544, Max: 0x00200000, ABSOLUTE)

    Exec Addr    Load Addr    Size         Type   Attr      Idx    E Section Name        Object

    0x08000000   0x08000000   0x000001ac   Data   RO         1588    RESET               startup_stm32f429xx.o
    0x080001ac   0x080001ac   0x00000000   Code   RO         2760  * .ARM.Collect$$$$00000000  mc_w.l(entry.o)
    0x080001ac   0x080001ac   0x00000004   Code   RO         3060    .ARM.Collect$$$$00000001  mc_w.l(entry2.o)
    0x080001b0   0x080001b0   0x00000004   Code   RO         3063    .ARM.Collect$$$$00000004  mc_w.l(entry5.o)
    0x080001b4   0x080001b4   0x00000000   Code   RO         3065    .ARM.Collect$$$$00000008  mc_w.l(entry7b.o)
    0x080001b4   0x080001b4   0x00000000   Code   RO         3067    .ARM.Collect$$$$0000000A  mc_w.l(entry8b.o)
    0x080001b4   0x080001b4   0x00000008   Code   RO         3068    .ARM.Collect$$$$0000000B  mc_w.l(entry9a.o)
    0x080001bc   0x080001bc   0x00000004   Code   RO         3075    .ARM.Collect$$$$0000000E  mc_w.l(entry12b.o)
    0x080001c0   0x080001c0   0x00000000   Code   RO         3070    .ARM.Collect$$$$0000000F  mc_w.l(entry10a.o)
    0x080001c0   0x080001c0   0x00000000   Code   RO         3072    .ARM.Collect$$$$00000011  mc_w.l(entry11a.o)
    0x080001c0   0x080001c0   0x00000004   Code   RO         3061    .ARM.Collect$$$$00002712  mc_w.l(entry2.o)
    0x080001c4   0x080001c4   0x00000148   Code   RO          748    .emb_text           rtx_mempool.o
    0x0800030c   0x0800030c   0x00000148   Code   RO          779    .emb_text           rtx_msgqueue.o
    0x08000454   0x08000454   0x00000148   Code   RO          844    .emb_text           rtx_semaphore.o
    0x0800059c   0x0800059c   0x00000148   Code   RO          875    .emb_text           rtx_system.o
    0x080006e4   0x080006e4   0x00000148   Code   RO          909    .emb_text           rtx_thread.o
    0x0800082c   0x0800082c   0x00000074   Code   RO         1130    .emb_text           eventrecorder.o
    0x080008a0   0x080008a0   0x00000110   Code   RO            4    .text               main.o
    0x080009b0   0x080009b0   0x000001c8   Code   RO          144    .text               http_server.o
    0x08000b78   0x08000b78   0x000007d0   Code   RO          221    .text               http_server_cgi.o
    0x08001348   0x08001348   0x00000078   Code   RO          257    .text               web.o
    0x080013c0   0x080013c0   0x000000c8   Code   RO          277    .text               led.o
    0x08001488   0x08001488   0x00000628   Code   RO          303    .text               lcd.o
    0x08001ab0   0x08001ab0   0x000000d8   Code   RO          342    .text               adc.o
    0x08001b88   0x08001b88   0x0000025c   Code   RO          366    .text               rtc.o
    0x08001de4   0x08001de4   0x00000070   Code   RO          408    .text               stm32f4xx_hal_msp.o
    0x08001e54   0x08001e54   0x0000000c   Code   RO          432    .text               stm32f4xx_it.o
    0x08001e60   0x08001e60   0x00000164   Code   RO          459    .text               sntp.o
    0x08001fc4   0x08001fc4   0x00000094   Code   RO          490    .text               irq_armv7m.o
    0x08002058   0x08002058   0x00000104   Code   RO          498    .text               rtx_delay.o
    0x0800215c   0x0800215c   0x00000958   Code   RO          596    .text               rtx_evr.o
    0x08002ab4   0x08002ab4   0x000006cc   Code   RO          621    .text               rtx_kernel.o
    0x08003180   0x08003180   0x00000018   Code   RO          669    .text               rtx_lib.o
    0x08003198   0x08003198   0x00000124   Code   RO          718    .text               rtx_memory.o
    0x080032bc   0x080032bc   0x00000678   Code   RO          749    .text               rtx_mempool.o
    0x08003934   0x08003934   0x000009bc   Code   RO          780    .text               rtx_msgqueue.o
    0x080042f0   0x080042f0   0x00000558   Code   RO          814    .text               rtx_mutex.o
    0x08004848   0x08004848   0x00000450   Code   RO          845    .text               rtx_semaphore.o
    0x08004c98   0x08004c98   0x00000154   Code   RO          876    .text               rtx_system.o
    0x08004dec   0x08004dec   0x000011d4   Code   RO          910    .text               rtx_thread.o
    0x08005fc0   0x08005fc0   0x00000480   Code   RO          944    .text               rtx_timer.o
    0x08006440   0x08006440   0x000000c4   Code   RO          974    .text               os_systick.o
    0x08006504   0x08006504   0x00000004   Code   RO         1000    .text               rtx_config.o
    0x08006508   0x08006508   0x000001ac   Code   RO         1021    .text               phy_lan8742a.o
    0x080066b4   0x080066b4   0x000009e8   Code   RO         1049    .text               emac_stm32f4xx.o
    0x0800709c   0x0800709c   0x00000c5c   Code   RO         1091    .text               spi_stm32f4xx.o
    0x08007cf8   0x08007cf8   0x00000538   Code   RO         1131    .text               eventrecorder.o
    0x08008230   0x08008230   0x000000f0   Code   RO         1162    .text               retarget_io.o
    0x08008320   0x08008320   0x000001c8   Code   RO         1194    .text               stm32f4xx_hal.o
    0x080084e8   0x080084e8   0x00000ab8   Code   RO         1224    .text               stm32f4xx_hal_adc.o
    0x08008fa0   0x08008fa0   0x00000724   Code   RO         1248    .text               stm32f4xx_hal_adc_ex.o
    0x080096c4   0x080096c4   0x00000298   Code   RO         1272    .text               stm32f4xx_hal_cortex.o
    0x0800995c   0x0800995c   0x00000718   Code   RO         1300    .text               stm32f4xx_hal_dma.o
    0x0800a074   0x0800a074   0x00000364   Code   RO         1349    .text               stm32f4xx_hal_gpio.o
    0x0800a3d8   0x0800a3d8   0x00000178   Code   RO         1373    .text               stm32f4xx_hal_pwr.o
    0x0800a550   0x0800a550   0x00000760   Code   RO         1421    .text               stm32f4xx_hal_rcc.o
    0x0800acb0   0x0800acb0   0x000005e4   Code   RO         1445    .text               stm32f4xx_hal_rcc_ex.o
    0x0800b294   0x0800b294   0x00000970   Code   RO         1469    .text               stm32f4xx_hal_rtc.o
    0x0800bc04   0x0800bc04   0x00000b0c   Code   RO         1493    .text               stm32f4xx_hal_rtc_ex.o
    0x0800c710   0x0800c710   0x000023d2   Code   RO         1541    .text               stm32f4xx_hal_tim.o
    0x0800eae2   0x0800eae2   0x00000002   PAD
    0x0800eae4   0x0800eae4   0x00000bb0   Code   RO         1565    .text               stm32f4xx_hal_tim_ex.o
    0x0800f694   0x0800f694   0x00000024   Code   RO         1589    .text               startup_stm32f429xx.o
    0x0800f6b8   0x0800f6b8   0x00000094   Code   RO         1596    .text               system_stm32f4xx_1.o
    0x0800f74c   0x0800f74c   0x00000164   Code   RO         1625    .text               net_config.o
    0x0800f8b0   0x0800f8b0   0x00000152   Code   RO         1720    .text               net_debug.o
    0x0800fa02   0x0800fa02   0x00000062   Code   RO         2769    .text               mc_w.l(uldiv.o)
    0x0800fa64   0x0800fa64   0x00000094   Code   RO         2771    .text               mc_w.l(localtime.o)
    0x0800faf8   0x0800faf8   0x00000024   Code   RO         2775    .text               mc_w.l(memcpya.o)
    0x0800fb1c   0x0800fb1c   0x00000024   Code   RO         2777    .text               mc_w.l(memseta.o)
    0x0800fb40   0x0800fb40   0x0000000e   Code   RO         2779    .text               mc_w.l(strlen.o)
    0x0800fb4e   0x0800fb4e   0x0000001c   Code   RO         2781    .text               mc_w.l(strcmp.o)
    0x0800fb6a   0x0800fb6a   0x0000001a   Code   RO         2783    .text               mc_w.l(memcmp.o)
    0x0800fb84   0x0800fb84   0x00000012   Code   RO         2785    .text               mc_w.l(strcpy.o)
    0x0800fb96   0x0800fb96   0x0000001e   Code   RO         2787    .text               mc_w.l(strncmp.o)
    0x0800fbb4   0x0800fbb4   0x00000064   Code   RO         3052    .text               mf_w.l(fmul.o)
    0x0800fc18   0x0800fc18   0x0000002e   Code   RO         3054    .text               mf_w.l(dscalb.o)
    0x0800fc46   0x0800fc46   0x0000000a   Code   RO         3056    .text               mf_w.l(ffltui.o)
    0x0800fc50   0x0800fc50   0x00000026   Code   RO         3058    .text               mf_w.l(f2d.o)
    0x0800fc76   0x0800fc76   0x0000002c   Code   RO         3076    .text               mc_w.l(uidiv.o)
    0x0800fca2   0x0800fca2   0x0000001e   Code   RO         3078    .text               mc_w.l(llshl.o)
    0x0800fcc0   0x0800fcc0   0x00000020   Code   RO         3080    .text               mc_w.l(llushr.o)
    0x0800fce0   0x0800fce0   0x00000000   Code   RO         3082    .text               mc_w.l(iusefp.o)
    0x0800fce0   0x0800fce0   0x0000006e   Code   RO         3083    .text               mf_w.l(fepilogue.o)
    0x0800fd4e   0x0800fd4e   0x0000014e   Code   RO         3085    .text               mf_w.l(dadd.o)
    0x0800fe9c   0x0800fe9c   0x000000e4   Code   RO         3087    .text               mf_w.l(dmul.o)
    0x0800ff80   0x0800ff80   0x000000de   Code   RO         3089    .text               mf_w.l(ddiv.o)
    0x0801005e   0x0801005e   0x00000030   Code   RO         3091    .text               mf_w.l(dfixul.o)
    0x0801008e   0x0801008e   0x00000002   PAD
    0x08010090   0x08010090   0x00000030   Code   RO         3093    .text               mf_w.l(cdrcmple.o)
    0x080100c0   0x080100c0   0x00000024   Code   RO         3095    .text               mc_w.l(init.o)
    0x080100e4   0x080100e4   0x00000024   Code   RO         3097    .text               mc_w.l(llsshr.o)
    0x08010108   0x08010108   0x000000ba   Code   RO         3099    .text               mf_w.l(depilogue.o)
    0x080101c2   0x080101c2   0x00000056   Code   RO         3108    .text               mc_w.l(__dczerorl2.o)
    0x08010218   0x08010218   0x00000020   Code   RO         3024    i.__0printf         mc_w.l(printfa.o)
    0x08010238   0x08010238   0x00000028   Code   RO         3026    i.__0sprintf        mc_w.l(printfa.o)
    0x08010260   0x08010260   0x0000000e   Code   RO         3102    i.__scatterload_copy  mc_w.l(handlers.o)
    0x0801026e   0x0801026e   0x00000002   Code   RO         3103    i.__scatterload_null  mc_w.l(handlers.o)
    0x08010270   0x08010270   0x0000000e   Code   RO         3104    i.__scatterload_zeroinit  mc_w.l(handlers.o)
    0x0801027e   0x0801027e   0x00000002   PAD
    0x08010280   0x08010280   0x00000184   Code   RO         3031    i._fp_digits        mc_w.l(printfa.o)
    0x08010404   0x08010404   0x000006b4   Code   RO         3032    i._printf_core      mc_w.l(printfa.o)
    0x08010ab8   0x08010ab8   0x00000024   Code   RO         3033    i._printf_post_padding  mc_w.l(printfa.o)
    0x08010adc   0x08010adc   0x0000002e   Code   RO         3034    i._printf_pre_padding  mc_w.l(printfa.o)
    0x08010b0a   0x08010b0a   0x0000000a   Code   RO         3036    i._sputc            mc_w.l(printfa.o)
    0x08010b14   0x08010b14   0x00000054   Code   RO         2159    i.add_server_id     Net_Dbg_CM3_L.lib(net_http_server.o)
    0x08010b68   0x08010b68   0x0000005c   Code   RO         1806    i.arp_cache_alloc   Net_Dbg_CM3_L.lib(net_arp.o)
    0x08010bc4   0x08010bc4   0x00000170   Code   RO         1807    i.arp_cache_run     Net_Dbg_CM3_L.lib(net_arp.o)
    0x08010d34   0x08010d34   0x00000038   Code   RO         1808    i.arp_is_cacheable  Net_Dbg_CM3_L.lib(net_arp.o)
    0x08010d6c   0x08010d6c   0x00000088   Code   RO         1809    i.arp_probe_run     Net_Dbg_CM3_L.lib(net_arp.o)
    0x08010df4   0x08010df4   0x000000d8   Code   RO         1811    i.arp_proc_response  Net_Dbg_CM3_L.lib(net_arp.o)
    0x08010ecc   0x08010ecc   0x0000001a   Code   RO         1812    i.arp_que_free      Net_Dbg_CM3_L.lib(net_arp.o)
    0x08010ee6   0x08010ee6   0x00000002   PAD
    0x08010ee8   0x08010ee8   0x000000a0   Code   RO         1813    i.arp_send_reply    Net_Dbg_CM3_L.lib(net_arp.o)
    0x08010f88   0x08010f88   0x000000d0   Code   RO         1814    i.arp_send_request  Net_Dbg_CM3_L.lib(net_arp.o)
    0x08011058   0x08011058   0x00000068   Code   RO         1815    i.arp_sender_valid  Net_Dbg_CM3_L.lib(net_arp.o)
    0x080110c0   0x080110c0   0x0000018c   Code   RO         2160    i.chk_post_req      Net_Dbg_CM3_L.lib(net_http_server.o)
    0x0801124c   0x0801124c   0x00000028   Code   RO         2674    i.crc32_8bit        Net_Dbg_CM3_L.lib(net_common.o)
    0x08011274   0x08011274   0x0000009a   Code   RO         1750    i.eth_check_link    Net_Dbg_CM3_L.lib(net_eth.o)
    0x0801130e   0x0801130e   0x00000002   PAD
    0x08011310   0x08011310   0x00000020   Code   RO         1751    i.eth_if_map        Net_Dbg_CM3_L.lib(net_eth.o)
    0x08011330   0x08011330   0x00000304   Code   RO         1752    i.eth_iface_init    Net_Dbg_CM3_L.lib(net_eth.o)
    0x08011634   0x08011634   0x00000290   Code   RO         1753    i.eth_iface_run     Net_Dbg_CM3_L.lib(net_eth.o)
    0x080118c4   0x080118c4   0x00000008   Code   RO         1755    i.eth_lock          Net_Dbg_CM3_L.lib(net_eth.o)
    0x080118cc   0x080118cc   0x0000001c   Code   RO         1756    i.eth_mtu_limit     Net_Dbg_CM3_L.lib(net_eth.o)
    0x080118e8   0x080118e8   0x00000048   Code   RO         1757    i.eth_opt_len       Net_Dbg_CM3_L.lib(net_eth.o)
    0x08011930   0x08011930   0x00000088   Code   RO         1758    i.eth_receive       Net_Dbg_CM3_L.lib(net_eth.o)
    0x080119b8   0x080119b8   0x00000008   Code   RO         1759    i.eth_unlock        Net_Dbg_CM3_L.lib(net_eth.o)
    0x080119c0   0x080119c0   0x00000018   Code   RO         2763    i.fputs             mc_w.l(fputs.o)
    0x080119d8   0x080119d8   0x0000007c   Code   RO         1923    i.frag_map_session  Net_Dbg_CM3_L.lib(net_ip4_frag.o)
    0x08011a54   0x08011a54   0x00000028   Code   RO         2161    i.get_next_field    Net_Dbg_CM3_L.lib(net_http_server.o)
    0x08011a7c   0x08011a7c   0x00000032   Code   RO         2162    i.get_next_par      Net_Dbg_CM3_L.lib(net_http_server.o)
    0x08011aae   0x08011aae   0x00000022   Code   RO         2163    i.hex2byte          Net_Dbg_CM3_L.lib(net_http_server.o)
    0x08011ad0   0x08011ad0   0x0000036c   Code   RO         2164    i.http_add_header   Net_Dbg_CM3_L.lib(net_http_server.o)
    0x08011e3c   0x08011e3c   0x00000050   Code   RO         2284    i.http_auth_basic_add  Net_Dbg_CM3_L.lib(net_http_server_auth.o)
    0x08011e8c   0x08011e8c   0x00000090   Code   RO         2285    i.http_auth_basic_parse  Net_Dbg_CM3_L.lib(net_http_server_auth.o)
    0x08011f1c   0x08011f1c   0x00000002   Code   RO         2291    i.http_auth_dummy   Net_Dbg_CM3_L.lib(net_http_server_auth.o)
    0x08011f1e   0x08011f1e   0x00000002   PAD
    0x08011f20   0x08011f20   0x00000024   Code   RO         2292    i.http_auth_init    Net_Dbg_CM3_L.lib(net_http_server_auth.o)
    0x08011f44   0x08011f44   0x000001cc   Code   RO         2165    i.http_error_msg    Net_Dbg_CM3_L.lib(net_http_server.o)
    0x08012110   0x08012110   0x00000078   Code   RO         2166    i.http_get_ftype    Net_Dbg_CM3_L.lib(net_http_server.o)
    0x08012188   0x08012188   0x0000005e   Code   RO         2167    i.http_kill_session  Net_Dbg_CM3_L.lib(net_http_server.o)
    0x080121e6   0x080121e6   0x00000002   PAD
    0x080121e8   0x080121e8   0x000002a8   Code   RO         2168    i.http_listener     Net_Dbg_CM3_L.lib(net_http_server.o)
    0x08012490   0x08012490   0x00000184   Code   RO         2169    i.http_open_file    Net_Dbg_CM3_L.lib(net_http_server.o)
    0x08012614   0x08012614   0x0000011c   Code   RO         2170    i.http_parse_header  Net_Dbg_CM3_L.lib(net_http_server.o)
    0x08012730   0x08012730   0x000001a8   Code   RO         2171    i.http_proc_multipart  Net_Dbg_CM3_L.lib(net_http_server.o)
    0x080128d8   0x080128d8   0x00000138   Code   RO         2172    i.http_proc_post    Net_Dbg_CM3_L.lib(net_http_server.o)
    0x08012a10   0x08012a10   0x00000468   Code   RO         2173    i.http_server_run   Net_Dbg_CM3_L.lib(net_http_server.o)
    0x08012e78   0x08012e78   0x00000060   Code   RO         2174    i.http_server_start  Net_Dbg_CM3_L.lib(net_http_server.o)
    0x08012ed8   0x08012ed8   0x00000020   Code   RO         2176    i.http_strcpy       Net_Dbg_CM3_L.lib(net_http_server.o)
    0x08012ef8   0x08012ef8   0x000000ac   Code   RO         2177    i.http_to_utc       Net_Dbg_CM3_L.lib(net_http_server.o)
    0x08012fa4   0x08012fa4   0x0000001a   Code   RO         2675    i.i2str             Net_Dbg_CM3_L.lib(net_common.o)
    0x08012fbe   0x08012fbe   0x00000002   PAD
    0x08012fc0   0x08012fc0   0x0000009c   Code   RO         1873    i.igmp_host_run     Net_Dbg_CM3_L.lib(net_igmp.o)
    0x0801305c   0x0801305c   0x00000024   Code   RO         1874    i.igmp_map_group    Net_Dbg_CM3_L.lib(net_igmp.o)
    0x08013080   0x08013080   0x00000070   Code   RO         1875    i.igmp_send_report  Net_Dbg_CM3_L.lib(net_igmp.o)
    0x080130f0   0x080130f0   0x0000000c   Code   RO         2552    i.ip4_get_chksum    Net_Dbg_CM3_L.lib(net_ip4.o)
    0x080130fc   0x080130fc   0x00000028   Code   RO         2553    i.ip4_get_mtu       Net_Dbg_CM3_L.lib(net_ip4.o)
    0x08013124   0x08013124   0x00000040   Code   RO         2415    i.ip4_ntoa          Net_Dbg_CM3_L.lib(net_addr.o)
    0x08013164   0x08013164   0x000000ca   Code   RO         2416    i.ip6_ntoa          Net_Dbg_CM3_L.lib(net_addr.o)
    0x0801322e   0x0801322e   0x00000002   PAD
    0x08013230   0x08013230   0x0000000c   Code   RO         2651    i.mem_lock          Net_Dbg_CM3_L.lib(net_mem.o)
    0x0801323c   0x0801323c   0x0000000c   Code   RO         2652    i.mem_unlock        Net_Dbg_CM3_L.lib(net_mem.o)
    0x08013248   0x08013248   0x000001a4   Code   RO         2145    i.nbns_listener     Net_Dbg_CM3_L.lib(net_nbns_client.o)
    0x080133ec   0x080133ec   0x00000120   Code   RO         2482    i.ndp_cache_add     Net_Dbg_CM3_L.lib(net_ndp.o)
    0x0801350c   0x0801350c   0x00000072   Code   RO         2483    i.ndp_cache_alloc   Net_Dbg_CM3_L.lib(net_ndp.o)
    0x0801357e   0x0801357e   0x00000002   PAD
    0x08013580   0x08013580   0x00000078   Code   RO         2484    i.ndp_cache_delete  Net_Dbg_CM3_L.lib(net_ndp.o)
    0x080135f8   0x080135f8   0x0000002c   Code   RO         2486    i.ndp_check_frame   Net_Dbg_CM3_L.lib(net_ndp.o)
    0x08013624   0x08013624   0x00000012   Code   RO         2487    i.ndp_next_opt      Net_Dbg_CM3_L.lib(net_ndp.o)
    0x08013636   0x08013636   0x00000002   PAD
    0x08013638   0x08013638   0x000000e4   Code   RO         2488    i.ndp_prefix_add    Net_Dbg_CM3_L.lib(net_ndp.o)
    0x0801371c   0x0801371c   0x000000fc   Code   RO         2491    i.ndp_proc_response  Net_Dbg_CM3_L.lib(net_ndp.o)
    0x08013818   0x08013818   0x0000001a   Code   RO         2492    i.ndp_que_free      Net_Dbg_CM3_L.lib(net_ndp.o)
    0x08013832   0x08013832   0x00000002   PAD
    0x08013834   0x08013834   0x00000038   Code   RO         2493    i.ndp_router_remove  Net_Dbg_CM3_L.lib(net_ndp.o)
    0x0801386c   0x0801386c   0x0000009c   Code   RO         2494    i.ndp_send_reply    Net_Dbg_CM3_L.lib(net_ndp.o)
    0x08013908   0x08013908   0x000000bc   Code   RO         2495    i.ndp_send_request  Net_Dbg_CM3_L.lib(net_ndp.o)
    0x080139c4   0x080139c4   0x00000004   Code   RO         2178    i.netCGI_Charset    Net_Dbg_CM3_L.lib(net_http_server.o)
    0x080139c8   0x080139c8   0x00000004   Code   RO         2179    i.netCGI_ContentType  Net_Dbg_CM3_L.lib(net_http_server.o)
    0x080139cc   0x080139cc   0x00000004   Code   RO         2180    i.netCGI_CustomHeader  Net_Dbg_CM3_L.lib(net_http_server.o)
    0x080139d0   0x080139d0   0x0000006c   Code   RO         2181    i.netCGI_GetEnvVar  Net_Dbg_CM3_L.lib(net_http_server.o)
    0x08013a3c   0x08013a3c   0x00000004   Code   RO         2184    i.netCGI_Redirect   Net_Dbg_CM3_L.lib(net_http_server.o)
    0x08013a40   0x08013a40   0x00000004   Code   RO         2186    i.netCGX_ContentType  Net_Dbg_CM3_L.lib(net_http_server.o)
    0x08013a44   0x08013a44   0x00000064   Code   RO         2365    i.netCore_Thread    Net_Dbg_CM3_L.lib(net_sys.o)
    0x08013aa8   0x08013aa8   0x00000002   Code   RO         1760    i.netETH_Notify     Net_Dbg_CM3_L.lib(net_eth.o)
    0x08013aaa   0x08013aaa   0x00000002   Code   RO         1761    i.netETH_ReceiveRaw  Net_Dbg_CM3_L.lib(net_eth.o)
    0x08013aac   0x08013aac   0x00000072   Code   RO         1763    i.netETH_Thread     Net_Dbg_CM3_L.lib(net_eth.o)
    0x08013b1e   0x08013b1e   0x00000004   Code   RO         2187    i.netHTTPs_AcceptClient  Net_Dbg_CM3_L.lib(net_http_server.o)
    0x08013b22   0x08013b22   0x00000004   Code   RO         2293    i.netHTTPs_CheckAccount  Net_Dbg_CM3_L.lib(net_http_server_auth.o)
    0x08013b26   0x08013b26   0x00000004   Code   RO         2189    i.netHTTPs_FileAccess  Net_Dbg_CM3_L.lib(net_http_server.o)
    0x08013b2a   0x08013b2a   0x00000002   PAD
    0x08013b2c   0x08013b2c   0x00000020   Code   RO         2192    i.netHTTPs_GetLanguage  Net_Dbg_CM3_L.lib(net_http_server.o)
    0x08013b4c   0x08013b4c   0x0000000c   Code   RO         2193    i.netHTTPs_GetPassword  Net_Dbg_CM3_L.lib(net_http_server.o)
    0x08013b58   0x08013b58   0x0000000c   Code   RO         2199    i.netHTTPs_LoginActive  Net_Dbg_CM3_L.lib(net_http_server.o)
    0x08013b64   0x08013b64   0x00000058   Code   RO         2202    i.netHTTPs_SetPassword  Net_Dbg_CM3_L.lib(net_http_server.o)
    0x08013bbc   0x08013bbc   0x00000088   Code   RO         2366    i.netIF_GetOption   Net_Dbg_CM3_L.lib(net_sys.o)
    0x08013c44   0x08013c44   0x00000084   Code   RO         2368    i.netIF_SetOption   Net_Dbg_CM3_L.lib(net_sys.o)
    0x08013cc8   0x08013cc8   0x0000001a   Code   RO         2418    i.netIP_aton        Net_Dbg_CM3_L.lib(net_addr.o)
    0x08013ce2   0x08013ce2   0x00000032   Code   RO         2419    i.netIP_ntoa        Net_Dbg_CM3_L.lib(net_addr.o)
    0x08013d14   0x08013d14   0x000000ac   Code   RO         2369    i.netInitialize     Net_Dbg_CM3_L.lib(net_sys.o)
    0x08013dc0   0x08013dc0   0x0000008c   Code   RO         2420    i.netMAC_aton       Net_Dbg_CM3_L.lib(net_addr.o)
    0x08013e4c   0x08013e4c   0x0000001c   Code   RO         2318    i.netSNTPc_GetTime  Net_Dbg_CM3_L.lib(net_sntp_client_core.o)
    0x08013e68   0x08013e68   0x00000004   Code   RO         2026    i.netTCP_GetLocalPort  Net_Dbg_CM3_L.lib(net_tcp.o)
    0x08013e6c   0x08013e6c   0x00000020   Code   RO         2028    i.netTCP_GetPeer    Net_Dbg_CM3_L.lib(net_tcp.o)
    0x08013e8c   0x08013e8c   0x00000004   Code   RO         2030    i.netTCP_GetState   Net_Dbg_CM3_L.lib(net_tcp.o)
    0x08013e90   0x08013e90   0x00000004   Code   RO         2031    i.netTCP_GetTimer   Net_Dbg_CM3_L.lib(net_tcp.o)
    0x08013e94   0x08013e94   0x0000007c   Code   RO         2422    i.net_addr4_aton    Net_Dbg_CM3_L.lib(net_addr.o)
    0x08013f10   0x08013f10   0x0000001e   Code   RO         2424    i.net_addr4_to_mac  Net_Dbg_CM3_L.lib(net_addr.o)
    0x08013f2e   0x08013f2e   0x00000002   PAD
    0x08013f30   0x08013f30   0x000000e6   Code   RO         2425    i.net_addr6_aton    Net_Dbg_CM3_L.lib(net_addr.o)
    0x08014016   0x08014016   0x00000028   Code   RO         2426    i.net_addr6_comp    Net_Dbg_CM3_L.lib(net_addr.o)
    0x0801403e   0x0801403e   0x00000012   Code   RO         2427    i.net_addr6_copy    Net_Dbg_CM3_L.lib(net_addr.o)
    0x08014050   0x08014050   0x0000004c   Code   RO         2428    i.net_addr6_create  Net_Dbg_CM3_L.lib(net_addr.o)
    0x0801409c   0x0801409c   0x00000028   Code   RO         2429    i.net_addr6_get_solicited  Net_Dbg_CM3_L.lib(net_addr.o)
    0x080140c4   0x080140c4   0x00000018   Code   RO         2430    i.net_addr6_is_linklocal  Net_Dbg_CM3_L.lib(net_addr.o)
    0x080140dc   0x080140dc   0x0000006e   Code   RO         2431    i.net_addr6_is_onlink  Net_Dbg_CM3_L.lib(net_addr.o)
    0x0801414a   0x0801414a   0x00000048   Code   RO         2432    i.net_addr6_is_solicited  Net_Dbg_CM3_L.lib(net_addr.o)
    0x08014192   0x08014192   0x00000018   Code   RO         2433    i.net_addr6_is_unspec  Net_Dbg_CM3_L.lib(net_addr.o)
    0x080141aa   0x080141aa   0x0000000e   Code   RO         2435    i.net_addr6_to_mac  Net_Dbg_CM3_L.lib(net_addr.o)
    0x080141b8   0x080141b8   0x0000002c   Code   RO         2436    i.net_addr_comp     Net_Dbg_CM3_L.lib(net_addr.o)
    0x080141e4   0x080141e4   0x00000026   Code   RO         2437    i.net_addr_copy     Net_Dbg_CM3_L.lib(net_addr.o)
    0x0801420a   0x0801420a   0x0000001a   Code   RO         2438    i.net_addr_find_route  Net_Dbg_CM3_L.lib(net_addr.o)
    0x08014224   0x08014224   0x00000020   Code   RO         2440    i.net_addr_get_local  Net_Dbg_CM3_L.lib(net_addr.o)
    0x08014244   0x08014244   0x00000022   Code   RO         2441    i.net_addr_is_unspec  Net_Dbg_CM3_L.lib(net_addr.o)
    0x08014266   0x08014266   0x00000002   PAD
    0x08014268   0x08014268   0x0000011c   Code   RO         1823    i.net_arp_cache_add  Net_Dbg_CM3_L.lib(net_arp.o)
    0x08014384   0x08014384   0x000000bc   Code   RO         1824    i.net_arp_cache_early  Net_Dbg_CM3_L.lib(net_arp.o)
    0x08014440   0x08014440   0x000000ec   Code   RO         1825    i.net_arp_cache_find  Net_Dbg_CM3_L.lib(net_arp.o)
    0x0801452c   0x0801452c   0x00000048   Code   RO         1826    i.net_arp_cache_init  Net_Dbg_CM3_L.lib(net_arp.o)
    0x08014574   0x08014574   0x0000001c   Code   RO         1827    i.net_arp_cache_run  Net_Dbg_CM3_L.lib(net_arp.o)
    0x08014590   0x08014590   0x00000078   Code   RO         1829    i.net_arp_enqueue   Net_Dbg_CM3_L.lib(net_arp.o)
    0x08014608   0x08014608   0x00000020   Code   RO         1831    i.net_arp_notify    Net_Dbg_CM3_L.lib(net_arp.o)
    0x08014628   0x08014628   0x00000224   Code   RO         1833    i.net_arp_process   Net_Dbg_CM3_L.lib(net_arp.o)
    0x0801484c   0x0801484c   0x00000042   Code   RO         2676    i.net_atoi          Net_Dbg_CM3_L.lib(net_common.o)
    0x0801488e   0x0801488e   0x00000002   PAD
    0x08014890   0x08014890   0x00000078   Code   RO         2742    i.net_base64_decode  Net_Dbg_CM3_L.lib(net_base64.o)
    0x08014908   0x08014908   0x00000030   Code   RO         2678    i.net_chksum_buf    Net_Dbg_CM3_L.lib(net_common.o)
    0x08014938   0x08014938   0x0000001e   Code   RO         2679    i.net_crc_buf       Net_Dbg_CM3_L.lib(net_common.o)
    0x08014956   0x08014956   0x0000000e   Code   RO         1764    i.net_eth_callback  Net_Dbg_CM3_L.lib(net_eth.o)
    0x08014964   0x08014964   0x00000068   Code   RO         1765    i.net_eth_config_mcast  Net_Dbg_CM3_L.lib(net_eth.o)
    0x080149cc   0x080149cc   0x000000ea   Code   RO         1767    i.net_eth_get_option  Net_Dbg_CM3_L.lib(net_eth.o)
    0x08014ab6   0x08014ab6   0x00000002   PAD
    0x08014ab8   0x08014ab8   0x0000001c   Code   RO         1768    i.net_eth_iface_init  Net_Dbg_CM3_L.lib(net_eth.o)
    0x08014ad4   0x08014ad4   0x0000001c   Code   RO         1769    i.net_eth_iface_run  Net_Dbg_CM3_L.lib(net_eth.o)
    0x08014af0   0x08014af0   0x000000a8   Code   RO         1771    i.net_eth_output    Net_Dbg_CM3_L.lib(net_eth.o)
    0x08014b98   0x08014b98   0x000001e0   Code   RO         1772    i.net_eth_send_frame  Net_Dbg_CM3_L.lib(net_eth.o)
    0x08014d78   0x08014d78   0x00000270   Code   RO         1773    i.net_eth_set_option  Net_Dbg_CM3_L.lib(net_eth.o)
    0x08014fe8   0x08014fe8   0x000000e8   Code   RO         2208    i.net_http_server_init  Net_Dbg_CM3_L.lib(net_http_server.o)
    0x080150d0   0x080150d0   0x00000028   Code   RO         2209    i.net_http_server_run  Net_Dbg_CM3_L.lib(net_http_server.o)
    0x080150f8   0x080150f8   0x00000018   Code   RO         2624    i.net_icmp6_init    Net_Dbg_CM3_L.lib(net_icmp6.o)
    0x08015110   0x08015110   0x00000238   Code   RO         2625    i.net_icmp6_process  Net_Dbg_CM3_L.lib(net_icmp6.o)
    0x08015348   0x08015348   0x00000084   Code   RO         2626    i.net_icmp6_send    Net_Dbg_CM3_L.lib(net_icmp6.o)
    0x080153cc   0x080153cc   0x00000058   Code   RO         2627    i.net_icmp6_send_echo  Net_Dbg_CM3_L.lib(net_icmp6.o)
    0x08015424   0x08015424   0x00000018   Code   RO         1945    i.net_icmp_init     Net_Dbg_CM3_L.lib(net_icmp.o)
    0x0801543c   0x0801543c   0x000001c8   Code   RO         1946    i.net_icmp_process  Net_Dbg_CM3_L.lib(net_icmp.o)
    0x08015604   0x08015604   0x000000a0   Code   RO         1947    i.net_icmp_send_echo  Net_Dbg_CM3_L.lib(net_icmp.o)
    0x080156a4   0x080156a4   0x0000000c   Code   RO         2373    i.net_if_map_all    Net_Dbg_CM3_L.lib(net_sys.o)
    0x080156b0   0x080156b0   0x0000006c   Code   RO         1878    i.net_igmp_collect_mcast  Net_Dbg_CM3_L.lib(net_igmp.o)
    0x0801571c   0x0801571c   0x00000048   Code   RO         1879    i.net_igmp_host_init  Net_Dbg_CM3_L.lib(net_igmp.o)
    0x08015764   0x08015764   0x0000001c   Code   RO         1880    i.net_igmp_host_run  Net_Dbg_CM3_L.lib(net_igmp.o)
    0x08015780   0x08015780   0x00000020   Code   RO         1882    i.net_igmp_is_member  Net_Dbg_CM3_L.lib(net_igmp.o)
    0x080157a0   0x080157a0   0x000001ac   Code   RO         1883    i.net_igmp_process  Net_Dbg_CM3_L.lib(net_igmp.o)
    0x0801594c   0x0801594c   0x0000018c   Code   RO         2554    i.net_ip4_chk_frame  Net_Dbg_CM3_L.lib(net_ip4.o)
    0x08015ad8   0x08015ad8   0x0000002c   Code   RO         2555    i.net_ip4_chksum    Net_Dbg_CM3_L.lib(net_ip4.o)
    0x08015b04   0x08015b04   0x00000006   Code   RO         2556    i.net_ip4_chksum_buf  Net_Dbg_CM3_L.lib(net_ip4.o)
    0x08015b0a   0x08015b0a   0x00000002   PAD
    0x08015b0c   0x08015b0c   0x00000080   Code   RO         2558    i.net_ip4_find_route  Net_Dbg_CM3_L.lib(net_ip4.o)
    0x08015b8c   0x08015b8c   0x00000124   Code   RO         1924    i.net_ip4_frag_add  Net_Dbg_CM3_L.lib(net_ip4_frag.o)
    0x08015cb0   0x08015cb0   0x000000ac   Code   RO         1925    i.net_ip4_frag_get  Net_Dbg_CM3_L.lib(net_ip4_frag.o)
    0x08015d5c   0x08015d5c   0x00000010   Code   RO         1926    i.net_ip4_frag_init  Net_Dbg_CM3_L.lib(net_ip4_frag.o)
    0x08015d6c   0x08015d6c   0x0000003c   Code   RO         1927    i.net_ip4_frag_run  Net_Dbg_CM3_L.lib(net_ip4_frag.o)
    0x08015da8   0x08015da8   0x0000002c   Code   RO         2559    i.net_ip4_get_local  Net_Dbg_CM3_L.lib(net_ip4.o)
    0x08015dd4   0x08015dd4   0x00000024   Code   RO         2560    i.net_ip4_init      Net_Dbg_CM3_L.lib(net_ip4.o)
    0x08015df8   0x08015df8   0x00000020   Code   RO         2561    i.net_ip4_is_onlink  Net_Dbg_CM3_L.lib(net_ip4.o)
    0x08015e18   0x08015e18   0x00000026   Code   RO         2562    i.net_ip4_is_subcast  Net_Dbg_CM3_L.lib(net_ip4.o)
    0x08015e3e   0x08015e3e   0x0000000e   Code   RO         2563    i.net_ip4_reass_frame  Net_Dbg_CM3_L.lib(net_ip4.o)
    0x08015e4c   0x08015e4c   0x00000164   Code   RO         2564    i.net_ip4_send_frame  Net_Dbg_CM3_L.lib(net_ip4.o)
    0x08015fb0   0x08015fb0   0x0000002a   Code   RO         2566    i.net_ip4_tx_offl_hl  Net_Dbg_CM3_L.lib(net_ip4.o)
    0x08015fda   0x08015fda   0x00000002   PAD
    0x08015fdc   0x08015fdc   0x00000100   Code   RO         2592    i.net_ip6_chk_frame  Net_Dbg_CM3_L.lib(net_ip6.o)
    0x080160dc   0x080160dc   0x00000032   Code   RO         2593    i.net_ip6_chksum    Net_Dbg_CM3_L.lib(net_ip6.o)
    0x0801610e   0x0801610e   0x00000002   PAD
    0x08016110   0x08016110   0x0000007c   Code   RO         2594    i.net_ip6_collect_mcast  Net_Dbg_CM3_L.lib(net_ip6.o)
    0x0801618c   0x0801618c   0x00000048   Code   RO         2596    i.net_ip6_find_route  Net_Dbg_CM3_L.lib(net_ip6.o)
    0x080161d4   0x080161d4   0x00000054   Code   RO         2597    i.net_ip6_get_local  Net_Dbg_CM3_L.lib(net_ip6.o)
    0x08016228   0x08016228   0x0000001c   Code   RO         2598    i.net_ip6_init      Net_Dbg_CM3_L.lib(net_ip6.o)
    0x08016244   0x08016244   0x000000cc   Code   RO         2599    i.net_ip6_send_frame  Net_Dbg_CM3_L.lib(net_ip6.o)
    0x08016310   0x08016310   0x0000001e   Code   RO         2601    i.net_ip6_tx_offl_hl  Net_Dbg_CM3_L.lib(net_ip6.o)
    0x0801632e   0x0801632e   0x00000008   Code   RO         2680    i.net_itoa          Net_Dbg_CM3_L.lib(net_common.o)
    0x08016336   0x08016336   0x00000006   Code   RO         2682    i.net_itoa_n0       Net_Dbg_CM3_L.lib(net_common.o)
    0x0801633c   0x0801633c   0x00000030   Code   RO         1906    i.net_loop_iface_init  Net_Dbg_CM3_L.lib(net_loopback.o)
    0x0801636c   0x0801636c   0x000000bc   Code   RO         1907    i.net_loop_iface_run  Net_Dbg_CM3_L.lib(net_loopback.o)
    0x08016428   0x08016428   0x00000070   Code   RO         1909    i.net_loop_send_frame  Net_Dbg_CM3_L.lib(net_loopback.o)
    0x08016498   0x08016498   0x000000c0   Code   RO         2653    i.net_mem_alloc     Net_Dbg_CM3_L.lib(net_mem.o)
    0x08016558   0x08016558   0x0000001c   Code   RO         2654    i.net_mem_avail     Net_Dbg_CM3_L.lib(net_mem.o)
    0x08016574   0x08016574   0x000000a4   Code   RO         2655    i.net_mem_free      Net_Dbg_CM3_L.lib(net_mem.o)
    0x08016618   0x08016618   0x00000070   Code   RO         2656    i.net_mem_init      Net_Dbg_CM3_L.lib(net_mem.o)
    0x08016688   0x08016688   0x00000048   Code   RO         2657    i.net_mem_shrink    Net_Dbg_CM3_L.lib(net_mem.o)
    0x080166d0   0x080166d0   0x00000064   Code   RO         2146    i.net_nbns_client_init  Net_Dbg_CM3_L.lib(net_nbns_client.o)
    0x08016734   0x08016734   0x000001c4   Code   RO         2503    i.net_ndp_cache_find  Net_Dbg_CM3_L.lib(net_ndp.o)
    0x080168f8   0x080168f8   0x00000078   Code   RO         2506    i.net_ndp_cache_refresh  Net_Dbg_CM3_L.lib(net_ndp.o)
    0x08016970   0x08016970   0x00000070   Code   RO         2509    i.net_ndp_enqueue   Net_Dbg_CM3_L.lib(net_ndp.o)
    0x080169e0   0x080169e0   0x00000374   Code   RO         2511    i.net_ndp_process   Net_Dbg_CM3_L.lib(net_ndp.o)
    0x08016d54   0x08016d54   0x00000038   Code   RO         2375    i.net_path          Net_Dbg_CM3_L.lib(net_sys.o)
    0x08016d8c   0x08016d8c   0x00000020   Code   RO         2346    i.net_ping_client_init  Net_Dbg_CM3_L.lib(net_ping_core.o)
    0x08016dac   0x08016dac   0x00000080   Code   RO         2347    i.net_ping_client_run  Net_Dbg_CM3_L.lib(net_ping_core.o)
    0x08016e2c   0x08016e2c   0x0000001c   Code   RO         2376    i.net_rand32        Net_Dbg_CM3_L.lib(net_sys.o)
    0x08016e48   0x08016e48   0x0000005c   Code   RO         2320    i.net_sntp_client_init  Net_Dbg_CM3_L.lib(net_sntp_client_core.o)
    0x08016ea4   0x08016ea4   0x00000058   Code   RO         2321    i.net_sntp_client_run  Net_Dbg_CM3_L.lib(net_sntp_client_core.o)
    0x08016efc   0x08016efc   0x00000148   Code   RO         2322    i.net_sntp_client_start  Net_Dbg_CM3_L.lib(net_sntp_client_core.o)
    0x08017044   0x08017044   0x0000002e   Code   RO         2683    i.net_strcasecmp    Net_Dbg_CM3_L.lib(net_common.o)
    0x08017072   0x08017072   0x00000016   Code   RO         2684    i.net_strchr        Net_Dbg_CM3_L.lib(net_common.o)
    0x08017088   0x08017088   0x0000001a   Code   RO         2685    i.net_strcmp        Net_Dbg_CM3_L.lib(net_common.o)
    0x080170a2   0x080170a2   0x00000012   Code   RO         2686    i.net_strcpy        Net_Dbg_CM3_L.lib(net_common.o)
    0x080170b4   0x080170b4   0x0000001c   Code   RO         2688    i.net_strnchr       Net_Dbg_CM3_L.lib(net_common.o)
    0x080170d0   0x080170d0   0x0000001a   Code   RO         2689    i.net_strncpy       Net_Dbg_CM3_L.lib(net_common.o)
    0x080170ea   0x080170ea   0x00000020   Code   RO         2690    i.net_strtoupper    Net_Dbg_CM3_L.lib(net_common.o)
    0x0801710a   0x0801710a   0x00000002   PAD
    0x0801710c   0x0801710c   0x0000000c   Code   RO         2377    i.net_sys_lock      Net_Dbg_CM3_L.lib(net_sys.o)
    0x08017118   0x08017118   0x00000016   Code   RO         2378    i.net_sys_resume    Net_Dbg_CM3_L.lib(net_sys.o)
    0x0801712e   0x0801712e   0x00000002   PAD
    0x08017130   0x08017130   0x00000014   Code   RO         2380    i.net_sys_tick      Net_Dbg_CM3_L.lib(net_sys.o)
    0x08017144   0x08017144   0x0000000c   Code   RO         2381    i.net_sys_unlock    Net_Dbg_CM3_L.lib(net_sys.o)
    0x08017150   0x08017150   0x00000020   Code   RO         2383    i.net_sys_wakeup    Net_Dbg_CM3_L.lib(net_sys.o)
    0x08017170   0x08017170   0x00000084   Code   RO         2038    i.net_tcp_abort     Net_Dbg_CM3_L.lib(net_tcp.o)
    0x080171f4   0x080171f4   0x000000e4   Code   RO         2041    i.net_tcp_close     Net_Dbg_CM3_L.lib(net_tcp.o)
    0x080172d8   0x080172d8   0x0000002e   Code   RO         2044    i.net_tcp_get_buf   Net_Dbg_CM3_L.lib(net_tcp.o)
    0x08017306   0x08017306   0x00000002   PAD
    0x08017308   0x08017308   0x00000034   Code   RO         2046    i.net_tcp_get_local_port  Net_Dbg_CM3_L.lib(net_tcp.o)
    0x0801733c   0x0801733c   0x00000028   Code   RO         2047    i.net_tcp_get_mss   Net_Dbg_CM3_L.lib(net_tcp.o)
    0x08017364   0x08017364   0x00000054   Code   RO         2049    i.net_tcp_get_peer  Net_Dbg_CM3_L.lib(net_tcp.o)
    0x080173b8   0x080173b8   0x00000070   Code   RO         2051    i.net_tcp_get_socket  Net_Dbg_CM3_L.lib(net_tcp.o)
    0x08017428   0x08017428   0x0000002c   Code   RO         2052    i.net_tcp_get_state  Net_Dbg_CM3_L.lib(net_tcp.o)
    0x08017454   0x08017454   0x00000034   Code   RO         2053    i.net_tcp_get_timer  Net_Dbg_CM3_L.lib(net_tcp.o)
    0x08017488   0x08017488   0x000000b0   Code   RO         2054    i.net_tcp_listen    Net_Dbg_CM3_L.lib(net_tcp.o)
    0x08017538   0x08017538   0x000007a8   Code   RO         2056    i.net_tcp_process   Net_Dbg_CM3_L.lib(net_tcp.o)
    0x08017ce0   0x08017ce0   0x0000015c   Code   RO         2060    i.net_tcp_send      Net_Dbg_CM3_L.lib(net_tcp.o)
    0x08017e3c   0x08017e3c   0x0000012c   Code   RO         2062    i.net_tcp_set_option  Net_Dbg_CM3_L.lib(net_tcp.o)
    0x08017f68   0x08017f68   0x00000028   Code   RO         2063    i.net_tcp_socket_init  Net_Dbg_CM3_L.lib(net_tcp.o)
    0x08017f90   0x08017f90   0x000003c0   Code   RO         2064    i.net_tcp_socket_run  Net_Dbg_CM3_L.lib(net_tcp.o)
    0x08018350   0x08018350   0x00000048   Code   RO         1972    i.net_udp_close     Net_Dbg_CM3_L.lib(net_udp.o)
    0x08018398   0x08018398   0x0000002e   Code   RO         1975    i.net_udp_get_buf   Net_Dbg_CM3_L.lib(net_udp.o)
    0x080183c6   0x080183c6   0x00000002   PAD
    0x080183c8   0x080183c8   0x00000070   Code   RO         1978    i.net_udp_get_socket  Net_Dbg_CM3_L.lib(net_udp.o)
    0x08018438   0x08018438   0x000000ac   Code   RO         1980    i.net_udp_open      Net_Dbg_CM3_L.lib(net_udp.o)
    0x080184e4   0x080184e4   0x00000158   Code   RO         1981    i.net_udp_process   Net_Dbg_CM3_L.lib(net_udp.o)
    0x0801863c   0x0801863c   0x00000012   Code   RO         1983    i.net_udp_send      Net_Dbg_CM3_L.lib(net_udp.o)
    0x0801864e   0x0801864e   0x00000002   PAD
    0x08018650   0x08018650   0x0000022c   Code   RO         1984    i.net_udp_send_if   Net_Dbg_CM3_L.lib(net_udp.o)
    0x0801887c   0x0801887c   0x00000024   Code   RO         1986    i.net_udp_socket_init  Net_Dbg_CM3_L.lib(net_udp.o)
    0x080188a0   0x080188a0   0x00000008   Code   RO         2691    i.net_ultoa         Net_Dbg_CM3_L.lib(net_common.o)
    0x080188a8   0x080188a8   0x00000030   Code   RO         2694    i.net_ultox         Net_Dbg_CM3_L.lib(net_common.o)
    0x080188d8   0x080188d8   0x0000004c   Code   RO         2695    i.net_xtoul         Net_Dbg_CM3_L.lib(net_common.o)
    0x08018924   0x08018924   0x0000001c   Code   RO         2350    i.ping_send_req     Net_Dbg_CM3_L.lib(net_ping_core.o)
    0x08018940   0x08018940   0x00000058   Code   RO         2212    i.proc_req_line     Net_Dbg_CM3_L.lib(net_http_server.o)
    0x08018998   0x08018998   0x0000001a   Code   RO         1929    i.que_free_list     Net_Dbg_CM3_L.lib(net_ip4_frag.o)
    0x080189b2   0x080189b2   0x000000a0   Code   RO         2213    i.read_script_line  Net_Dbg_CM3_L.lib(net_http_server.o)
    0x08018a52   0x08018a52   0x00000048   Code   RO         2214    i.search_delim      Net_Dbg_CM3_L.lib(net_http_server.o)
    0x08018a9a   0x08018a9a   0x00000002   PAD
    0x08018a9c   0x08018a9c   0x000000fc   Code   RO         2324    i.sntp_listener     Net_Dbg_CM3_L.lib(net_sntp_client_core.o)
    0x08018b98   0x08018b98   0x0000003c   Code   RO         2325    i.sntp_send_message  Net_Dbg_CM3_L.lib(net_sntp_client_core.o)
    0x08018bd4   0x08018bd4   0x00000018   Code   RO         2327    i.sntp_stop         Net_Dbg_CM3_L.lib(net_sntp_client_core.o)
    0x08018bec   0x08018bec   0x00000018   Code   RO         2384    i.sys_map_if        Net_Dbg_CM3_L.lib(net_sys.o)
    0x08018c04   0x08018c04   0x0000004c   Code   RO         2385    i.sys_proc_tick     Net_Dbg_CM3_L.lib(net_sys.o)
    0x08018c50   0x08018c50   0x00000110   Code   RO         2066    i.tcp_map_socket    Net_Dbg_CM3_L.lib(net_tcp.o)
    0x08018d60   0x08018d60   0x00000084   Code   RO         2067    i.tcp_parse_opt     Net_Dbg_CM3_L.lib(net_tcp.o)
    0x08018de4   0x08018de4   0x0000011c   Code   RO         2068    i.tcp_proc_acknr    Net_Dbg_CM3_L.lib(net_tcp.o)
    0x08018f00   0x08018f00   0x000000ac   Code   RO         2069    i.tcp_proc_dupack   Net_Dbg_CM3_L.lib(net_tcp.o)
    0x08018fac   0x08018fac   0x0000001a   Code   RO         2070    i.tcp_que_free      Net_Dbg_CM3_L.lib(net_tcp.o)
    0x08018fc6   0x08018fc6   0x0000001a   Code   RO         2071    i.tcp_que_init      Net_Dbg_CM3_L.lib(net_tcp.o)
    0x08018fe0   0x08018fe0   0x000000ac   Code   RO         2072    i.tcp_que_resend    Net_Dbg_CM3_L.lib(net_tcp.o)
    0x0801908c   0x0801908c   0x00000090   Code   RO         2073    i.tcp_send_ctrl     Net_Dbg_CM3_L.lib(net_tcp.o)
    0x0801911c   0x0801911c   0x0000007c   Code   RO         2074    i.tcp_send_data     Net_Dbg_CM3_L.lib(net_tcp.o)
    0x08019198   0x08019198   0x00000090   Code   RO         2075    i.tcp_send_reset    Net_Dbg_CM3_L.lib(net_tcp.o)
    0x08019228   0x08019228   0x00000044   Code   RO         2076    i.tcp_set_cwnd      Net_Dbg_CM3_L.lib(net_tcp.o)
    0x0801926c   0x0801926c   0x00000074   Code   RO         2077    i.tcp_transit       Net_Dbg_CM3_L.lib(net_tcp.o)
    0x080192e0   0x080192e0   0x0000010c   Code   RO         2078    i.tcp_write         Net_Dbg_CM3_L.lib(net_tcp.o)
    0x080193ec   0x080193ec   0x0000002c   Code   RO         1988    i.udp_port_in_use   Net_Dbg_CM3_L.lib(net_udp.o)
    0x08019418   0x08019418   0x00000044   Code   RO         2696    i.ul2str            Net_Dbg_CM3_L.lib(net_common.o)
    0x0801945c   0x0801945c   0x00000124   Code   RO         2215    i.utc_to_http       Net_Dbg_CM3_L.lib(net_http_server.o)
    0x08019580   0x08019580   0x00000024   Data   RO          147    .constdata          http_server.o
    0x080195a4   0x080195a4   0x00000004   Data   RO          258    .constdata          web.o
    0x080195a8   0x080195a8   0x00006a01   Data   RO          259    .constdata          web.o
    0x0801ffa9   0x0801ffa9   0x00000003   PAD
    0x0801ffac   0x0801ffac   0x000000b0   Data   RO          260    .constdata          web.o
    0x0802005c   0x0802005c   0x00000018   Data   RO          278    .constdata          led.o
    0x08020074   0x08020074   0x00000960   Data   RO          305    .constdata          lcd.o
    0x080209d4   0x080209d4   0x00000008   Data   RO          461    .constdata          sntp.o
    0x080209dc   0x080209dc   0x00000024   Data   RO          678    .constdata          rtx_lib.o
    0x08020a00   0x08020a00   0x00000024   Data   RO          679    .constdata          rtx_lib.o
    0x08020a24   0x08020a24   0x00000018   Data   RO          680    .constdata          rtx_lib.o
    0x08020a3c   0x08020a3c   0x00000004   Data   RO          682    .constdata          rtx_lib.o
    0x08020a40   0x08020a40   0x00000004   Data   RO         1023    .constdata          phy_lan8742a.o
    0x08020a44   0x08020a44   0x00000020   Data   RO         1024    .constdata          phy_lan8742a.o
    0x08020a64   0x08020a64   0x00000050   Data   RO         1051    .constdata          emac_stm32f4xx.o
    0x08020ab4   0x08020ab4   0x00000044   Data   RO         1052    .constdata          emac_stm32f4xx.o
    0x08020af8   0x08020af8   0x00000034   Data   RO         1094    .constdata          spi_stm32f4xx.o
    0x08020b2c   0x08020b2c   0x00000010   Data   RO         1095    .constdata          spi_stm32f4xx.o
    0x08020b3c   0x08020b3c   0x00000010   Data   RO         1096    .constdata          spi_stm32f4xx.o
    0x08020b4c   0x08020b4c   0x0000002c   Data   RO         1097    .constdata          spi_stm32f4xx.o
    0x08020b78   0x08020b78   0x00000018   Data   RO         1133    .constdata          eventrecorder.o
    0x08020b90   0x08020b90   0x00000008   Data   RO         1301    .constdata          stm32f4xx_hal_dma.o
    0x08020b98   0x08020b98   0x00000010   Data   RO         1597    .constdata          system_stm32f4xx_1.o
    0x08020ba8   0x08020ba8   0x00000008   Data   RO         1598    .constdata          system_stm32f4xx_1.o
    0x08020bb0   0x08020bb0   0x000000a8   Data   RO         1642    .constdata          net_config.o
    0x08020c58   0x08020c58   0x0000001c   Data   RO         1643    .constdata          net_config.o
    0x08020c74   0x08020c74   0x00000014   Data   RO         1644    .constdata          net_config.o
    0x08020c88   0x08020c88   0x0000000c   Data   RO         1645    .constdata          net_config.o
    0x08020c94   0x08020c94   0x00000010   Data   RO         1646    .constdata          net_config.o
    0x08020ca4   0x08020ca4   0x00000028   Data   RO         1647    .constdata          net_config.o
    0x08020ccc   0x08020ccc   0x0000002c   Data   RO         1648    .constdata          net_config.o
    0x08020cf8   0x08020cf8   0x00000008   Data   RO         1649    .constdata          net_config.o
    0x08020d00   0x08020d00   0x00000008   Data   RO         1650    .constdata          net_config.o
    0x08020d08   0x08020d08   0x00000008   Data   RO         1651    .constdata          net_config.o
    0x08020d10   0x08020d10   0x00000008   Data   RO         1652    .constdata          net_config.o
    0x08020d18   0x08020d18   0x00000008   Data   RO         1653    .constdata          net_config.o
    0x08020d20   0x08020d20   0x00000008   Data   RO         1654    .constdata          net_config.o
    0x08020d28   0x08020d28   0x00000008   Data   RO         1655    .constdata          net_config.o
    0x08020d30   0x08020d30   0x00000008   Data   RO         1656    .constdata          net_config.o
    0x08020d38   0x08020d38   0x00000004   Data   RO         1658    .constdata          net_config.o
    0x08020d3c   0x08020d3c   0x00000008   Data   RO         1659    .constdata          net_config.o
    0x08020d44   0x08020d44   0x0000000c   Data   RO         1660    .constdata          net_config.o
    0x08020d50   0x08020d50   0x00000018   Data   RO         1661    .constdata          net_config.o
    0x08020d68   0x08020d68   0x00000034   Data   RO         1662    .constdata          net_config.o
    0x08020d9c   0x08020d9c   0x00000008   Data   RO         1663    .constdata          net_config.o
    0x08020da4   0x08020da4   0x00000030   Data   RO         1664    .constdata          net_config.o
    0x08020dd4   0x08020dd4   0x00000028   Data   RO         1665    .constdata          net_config.o
    0x08020dfc   0x08020dfc   0x00000010   Data   RO         1667    .constdata          net_config.o
    0x08020e0c   0x08020e0c   0x00000010   Data   RO         1668    .constdata          net_config.o
    0x08020e1c   0x08020e1c   0x00000008   Data   RO         1884    .constdata          Net_Dbg_CM3_L.lib(net_igmp.o)
    0x08020e24   0x08020e24   0x0000002c   Data   RO         1910    .constdata          Net_Dbg_CM3_L.lib(net_loopback.o)
    0x08020e50   0x08020e50   0x0000000c   Data   RO         1911    .constdata          Net_Dbg_CM3_L.lib(net_loopback.o)
    0x08020e5c   0x08020e5c   0x00000008   Data   RO         2148    .constdata          Net_Dbg_CM3_L.lib(net_nbns_client.o)
    0x08020e64   0x08020e64   0x000000fa   Data   RO         2217    .constdata          Net_Dbg_CM3_L.lib(net_http_server.o)
    0x08020f5e   0x08020f5e   0x00000002   PAD
    0x08020f60   0x08020f60   0x00000018   Data   RO         2296    .constdata          Net_Dbg_CM3_L.lib(net_http_server_auth.o)
    0x08020f78   0x08020f78   0x00000012   Data   RO         2352    .constdata          Net_Dbg_CM3_L.lib(net_ping_core.o)
    0x08020f8a   0x08020f8a   0x00000010   Data   RO         2445    .constdata          Net_Dbg_CM3_L.lib(net_addr.o)
    0x08020f9a   0x08020f9a   0x00000006   Data   RO         2446    .constdata          Net_Dbg_CM3_L.lib(net_addr.o)
    0x08020fa0   0x08020fa0   0x00000004   Data   RO         2568    .constdata          Net_Dbg_CM3_L.lib(net_ip4.o)
    0x08020fa4   0x08020fa4   0x00000020   Data   RO         2603    .constdata          Net_Dbg_CM3_L.lib(net_ip6.o)
    0x08020fc4   0x08020fc4   0x00000018   Data   RO         2643    .constdata          Net_Dbg_CM3_L.lib(net_http_server_err.o)
    0x08020fdc   0x08020fdc   0x00000010   Data   RO         2697    .constdata          Net_Dbg_CM3_L.lib(net_common.o)
    0x08020fec   0x08020fec   0x00000090   Data   RO         2744    .constdata          Net_Dbg_CM3_L.lib(net_base64.o)
    0x0802107c   0x0802107c   0x00000004   Data   RO         2753    .constdata          Net_Dbg_CM3_L.lib(net_version.o)
    0x08021080   0x08021080   0x0000000c   Data   RO         2773    .constdata          mc_w.l(localtime.o)
    0x0802108c   0x0802108c   0x000000da   Data   RO          223    .conststring        http_server_cgi.o
    0x08021166   0x08021166   0x00000002   PAD
    0x08021168   0x08021168   0x00000078   Data   RO         1669    .conststring        net_config.o
    0x080211e0   0x080211e0   0x0000000d   Data   RO         1670    .conststring        net_config.o
    0x080211ed   0x080211ed   0x00000003   PAD
    0x080211f0   0x080211f0   0x0000003c   Data   RO         1671    .conststring        net_config.o
    0x0802122c   0x0802122c   0x0000001d   Data   RO         1672    .conststring        net_config.o
    0x08021249   0x08021249   0x00000003   PAD
    0x0802124c   0x0802124c   0x0000000e   Data   RO         1673    .conststring        net_config.o
    0x0802125a   0x0802125a   0x00000002   PAD
    0x0802125c   0x0802125c   0x00000203   Data   RO         2644    .conststring        Net_Dbg_CM3_L.lib(net_http_server_err.o)
    0x0802145f   0x0802145f   0x00000001   PAD
    0x08021460   0x08021460   0x0000000b   Data   RO          622    .conststrlit        rtx_kernel.o
    0x0802146b   0x0802146b   0x00000001   PAD
    0x0802146c   0x0802146c   0x000000a8   Data   RO          683    .rodata             rtx_lib.o
    0x08021514   0x08021514   0x00000030   Data   RO         3101    Region$$Table       anon$$obj.o


    Execution Region RW_IRAM2 (Exec base: 0x10000000, Load base: 0x08021680, Size: 0x000004a4, Max: 0x00010000, ABSOLUTE)

    Exec Addr    Load Addr    Size         Type   Attr      Idx    E Section Name        Object

    0x10000000        -       0x000004a4   Zero   RW         1132    .bss.noinit         eventrecorder.o


    Execution Region RW_IRAM1 (Exec base: 0x20000000, Load base: 0x08021544, Size: 0x0000f6b8, Max: 0x00030000, ABSOLUTE, COMPRESSED[0x0000013c])

    Exec Addr    Load Addr    Size         Type   Attr      Idx    E Section Name        Object

    0x20000000   COMPRESSED   0x00008000   Data   RW          670    .bss.os             rtx_lib.o
    0x20008000   COMPRESSED   0x00000040   Data   RW          671    .bss.os             rtx_lib.o
    0x20008040   COMPRESSED   0x00000001   Data   RW          975    .bss.os             os_systick.o
    0x20008041   COMPRESSED   0x00000003   PAD
    0x20008044   COMPRESSED   0x00000034   Data   RW          672    .bss.os.msgqueue.cb  rtx_lib.o
    0x20008078   COMPRESSED   0x00000050   Data   RW          673    .bss.os.msgqueue.mem  rtx_lib.o
    0x200080c8   COMPRESSED   0x0000001c   Data   RW         1636    .bss.os.mutex.cb    net_config.o
    0x200080e4   COMPRESSED   0x0000001c   Data   RW         1637    .bss.os.mutex.cb    net_config.o
    0x20008100   COMPRESSED   0x00000010   Data   RW         1638    .bss.os.semaphore.cb  net_config.o
    0x20008110   COMPRESSED   0x00000044   Data   RW          674    .bss.os.thread.cb   rtx_lib.o
    0x20008154   COMPRESSED   0x00000044   Data   RW          675    .bss.os.thread.cb   rtx_lib.o
    0x20008198   COMPRESSED   0x00000044   Data   RW         1639    .bss.os.thread.cb   net_config.o
    0x200081dc   COMPRESSED   0x00000044   Data   RW         1640    .bss.os.thread.cb   net_config.o
    0x20008220   COMPRESSED   0x00000200   Data   RW          676    .bss.os.thread.idle.stack  rtx_lib.o
    0x20008420   COMPRESSED   0x00000200   Data   RW          677    .bss.os.thread.timer.stack  rtx_lib.o
    0x20008620   COMPRESSED   0x00000020   Data   RW         1641    .bss.os.timer.cb    net_config.o
    0x20008640   COMPRESSED   0x00000004   Data   RW            5    .data               main.o
    0x20008644   COMPRESSED   0x0000002a   Data   RW          148    .data               http_server.o
    0x2000866e   COMPRESSED   0x00000002   PAD
    0x20008670   COMPRESSED   0x00000010   Data   RW          149    .data               http_server.o
    0x20008680   COMPRESSED   0x00000008   Data   RW          224    .data               http_server_cgi.o
    0x20008688   COMPRESSED   0x00000010   Data   RW          306    .data               lcd.o
    0x20008698   COMPRESSED   0x00000010   Data   RW          368    .data               rtc.o
    0x200086a8   COMPRESSED   0x00000008   Data   RW          463    .data               sntp.o
    0x200086b0   COMPRESSED   0x00000004   Data   RW         1163    .data               retarget_io.o
    0x200086b4   COMPRESSED   0x0000000c   Data   RW         1195    .data               stm32f4xx_hal.o
    0x200086c0   COMPRESSED   0x00000004   Data   RW         1599    .data               system_stm32f4xx_1.o
    0x200086c4   COMPRESSED   0x00000004   Data   RW         1674    .data               net_config.o
    0x200086c8   COMPRESSED   0x00000006   Data   RW         1675    .data               net_config.o
    0x200086ce   COMPRESSED   0x00000004   Data   RW         1676    .data               net_config.o
    0x200086d2   COMPRESSED   0x00000004   Data   RW         1885    .data               Net_Dbg_CM3_L.lib(net_igmp.o)
    0x200086d6   COMPRESSED   0x00000002   PAD
    0x200086d8   COMPRESSED   0x00000004   Data   RW         1912    .data               Net_Dbg_CM3_L.lib(net_loopback.o)
    0x200086dc   COMPRESSED   0x00000004   Data   RW         1930    .data               Net_Dbg_CM3_L.lib(net_ip4_frag.o)
    0x200086e0   COMPRESSED   0x00000001   Data   RW         1948    .data               Net_Dbg_CM3_L.lib(net_icmp.o)
    0x200086e1   COMPRESSED   0x00000001   PAD
    0x200086e2   COMPRESSED   0x00000002   Data   RW         1990    .data               Net_Dbg_CM3_L.lib(net_udp.o)
    0x200086e4   COMPRESSED   0x00000004   Data   RW         2081    .data               Net_Dbg_CM3_L.lib(net_tcp.o)
    0x200086e8   COMPRESSED   0x00000001   Data   RW         2149    .data               Net_Dbg_CM3_L.lib(net_nbns_client.o)
    0x200086e9   COMPRESSED   0x00000003   PAD
    0x200086ec   COMPRESSED   0x0000000c   Data   RW         2218    .data               Net_Dbg_CM3_L.lib(net_http_server.o)
    0x200086f8   COMPRESSED   0x00000008   Data   RW         2569    .data               Net_Dbg_CM3_L.lib(net_ip4.o)
    0x20008700   COMPRESSED   0x00000004   Data   RW         2605    .data               Net_Dbg_CM3_L.lib(net_ip6.o)
    0x20008704   COMPRESSED   0x00000004   Data   RW         2767    .data               mc_w.l(stdout.o)
    0x20008708   COMPRESSED   0x00000004   Data   RW         2768    .data               mc_w.l(stderr.o)
    0x2000870c   COMPRESSED   0x000000a4   Data   RW          623    .data.os            rtx_kernel.o
    0x200087b0        -       0x0000007c   Zero   RW          145    .bss                http_server.o
    0x2000882c   COMPRESSED   0x00000004   PAD
    0x20008830        -       0x00000400   Zero   RW          146    .bss                http_server.o
    0x20008c30        -       0x00000050   Zero   RW          222    .bss                http_server_cgi.o
    0x20008c80        -       0x00000240   Zero   RW          304    .bss                lcd.o
    0x20008ec0        -       0x00000048   Zero   RW          367    .bss                rtc.o
    0x20008f08        -       0x00000014   Zero   RW          460    .bss                sntp.o
    0x20008f1c        -       0x0000000c   Zero   RW         1022    .bss                phy_lan8742a.o
    0x20008f28        -       0x000024cc   Zero   RW         1050    .bss                emac_stm32f4xx.o
    0x2000b3f4        -       0x00000010   Zero   RW         1092    .bss                spi_stm32f4xx.o
    0x2000b404        -       0x0000001c   Zero   RW         1093    .bss                spi_stm32f4xx.o
    0x2000b420        -       0x00000400   Zero   RW         1626    .bss                net_config.o
    0x2000b820        -       0x00000400   Zero   RW         1627    .bss                net_config.o
    0x2000bc20        -       0x00002ee0   Zero   RW         1628    .bss                net_config.o
    0x2000eb00        -       0x000000c8   Zero   RW         1629    .bss                net_config.o
    0x2000ebc8        -       0x00000028   Zero   RW         1630    .bss                net_config.o
    0x2000ebf0        -       0x00000018   Zero   RW         1631    .bss                net_config.o
    0x2000ec08        -       0x00000028   Zero   RW         1632    .bss                net_config.o
    0x2000ec30        -       0x00000050   Zero   RW         1633    .bss                net_config.o
    0x2000ec80        -       0x00000228   Zero   RW         1634    .bss                net_config.o
    0x2000eea8        -       0x00000150   Zero   RW         1635    .bss                net_config.o
    0x2000eff8        -       0x000000a0   Zero   RW         1774    .bss                Net_Dbg_CM3_L.lib(net_eth.o)
    0x2000f098        -       0x00000018   Zero   RW         1834    .bss                Net_Dbg_CM3_L.lib(net_arp.o)
    0x2000f0b0        -       0x0000001c   Zero   RW         1989    .bss                Net_Dbg_CM3_L.lib(net_udp.o)
    0x2000f0cc        -       0x00000098   Zero   RW         2216    .bss                Net_Dbg_CM3_L.lib(net_http_server.o)
    0x2000f164        -       0x0000002c   Zero   RW         2328    .bss                Net_Dbg_CM3_L.lib(net_sntp_client_core.o)
    0x2000f190        -       0x0000002c   Zero   RW         2351    .bss                Net_Dbg_CM3_L.lib(net_ping_core.o)
    0x2000f1bc        -       0x00000038   Zero   RW         2386    .bss                Net_Dbg_CM3_L.lib(net_sys.o)
    0x2000f1f4        -       0x00000024   Zero   RW         2387    .bss                Net_Dbg_CM3_L.lib(net_sys.o)
    0x2000f218        -       0x0000005c   Zero   RW         2444    .bss                Net_Dbg_CM3_L.lib(net_addr.o)
    0x2000f274        -       0x00000014   Zero   RW         2659    .bss                Net_Dbg_CM3_L.lib(net_mem.o)
    0x2000f288        -       0x0000002c   Zero   RW         2772    .bss                mc_w.l(localtime.o)
    0x2000f2b4   COMPRESSED   0x00000004   PAD
    0x2000f2b8        -       0x00000400   Zero   RW         1586    STACK               startup_stm32f429xx.o


==============================================================================

Image component sizes


      Code (inc. data)   RO Data    RW Data    ZI Data      Debug   Object Name

       216         12          0          0          0       1768   adc.o
      2536        156        148          0       9420      47378   emac_stm32f4xx.o
      1452         40         24          0       1188      17244   eventrecorder.o
       456         56         36         58       1148      16751   http_server.o
      2000        358        218          8         80       8800   http_server_cgi.o
       148          8          0          0          0        608   irq_armv7m.o
      1576         64       2400         16        576       7660   lcd.o
       200         14         24          0          0       2237   led.o
       272         28          0          4          0     798149   main.o
       356         26        856        254      15320      31773   net_config.o
       338          0          0          0          0        838   net_debug.o
       196         12          0          1          0       1932   os_systick.o
       428         10         36          0         12       6718   phy_lan8742a.o
       240         60          0          4          0       4055   retarget_io.o
       604         48          0         16         72       3279   rtc.o
         4          0          0          0          0        603   rtx_config.o
       260         14          0          0          0      17646   rtx_delay.o
      2392         88          0          0          0      45101   rtx_evr.o
      1740         96         11        164          0      27736   rtx_kernel.o
        24          0        268      34124          0       9667   rtx_lib.o
       292          0          0          0          0       3759   rtx_memory.o
      1984         48          0          0          0      15016   rtx_mempool.o
      2820         58          0          0          0      23500   rtx_msgqueue.o
      1368         30          0          0          0       9994   rtx_mutex.o
      1432         34          0          0          0      11744   rtx_semaphore.o
       668         18          0          0          0       8305   rtx_system.o
      4892        124          0          0          0      33437   rtx_thread.o
      1152         34          0          0          0      10097   rtx_timer.o
       356         22          8          8         20       3430   sntp.o
      3164         98        128          0         44      44715   spi_stm32f4xx.o
        36          8        428          0       1024        840   startup_stm32f429xx.o
       456         38          0         12          0      11319   stm32f4xx_hal.o
      2744         92          0          0          0       8763   stm32f4xx_hal_adc.o
      1828         42          0          0          0       6470   stm32f4xx_hal_adc_ex.o
       664         10          0          0          0      36014   stm32f4xx_hal_cortex.o
      1816         28          8          0          0       7577   stm32f4xx_hal_dma.o
       868         54          0          0          0       3931   stm32f4xx_hal_gpio.o
       112         10          0          0          0       1132   stm32f4xx_hal_msp.o
       376         20          0          0          0       3559   stm32f4xx_hal_pwr.o
      1888         66          0          0          0       6083   stm32f4xx_hal_rcc.o
      1508         80          0          0          0       4641   stm32f4xx_hal_rcc_ex.o
      2416         24          0          0          0       8645   stm32f4xx_hal_rtc.o
      2828         22          0          0          0      13629   stm32f4xx_hal_rtc_ex.o
      9170        166          0          0          0      37580   stm32f4xx_hal_tim.o
      2992         62          0          0          0      13596   stm32f4xx_hal_tim_ex.o
        12          0          0          0          0        915   stm32f4xx_it.o
       148         20         24          4          0       1789   system_stm32f4xx_1.o
       120         10      27317          0          0       1748   web.o

    ----------------------------------------------------------------------
     63550       2308      31996      34678      28908    1382171   Object Totals
         0          0         48          0          0          0   (incl. Generated)
         2          0         14          5          4          0   (incl. Padding)

    ----------------------------------------------------------------------

      Code (inc. data)   RO Data    RW Data    ZI Data      Debug   Library Member Name

      1458         18         22          0         92       1624   net_addr.o
      2874        144          0          0         24       1548   net_arp.o
       120          6        144          0          0         84   net_base64.o
       622         10         16          0          0       1340   net_common.o
      3664        138          0          0        160       1600   net_eth.o
      6834       1268        250         12        152       2852   net_http_server.o
       266         66         24          0          0        368   net_http_server_auth.o
         0          0        539          0          0          0   net_http_server_err.o
       640         48          0          1          0        236   net_icmp.o
       812         60          0          0          0        332   net_icmp6.o
       972         46          8          4          0        680   net_igmp.o
      1188         82          4          8          0        956   net_ip4.o
       690         30          0          4          0        476   net_ip4_frag.o
       848         72         32          4          0        644   net_ip6.o
       348         28         56          4          0        256   net_loopback.o
       592         64          0          0         20        564   net_mem.o
       520         44          8          1          0        188   net_nbns_client.o
      3058        106          0          0          0       1404   net_ndp.o
       188         32         18          0         44        220   net_ping_core.o
       872         70          0          0         44        584   net_sntp_client_core.o
       834         84          0          0         92       1012   net_sys.o
      6566        282          0          4          0       2728   net_tcp.o
      1400         80          0          2         28        772   net_udp.o
         0          0          4          0          0          0   net_version.o
        86          0          0          0          0          0   __dczerorl2.o
         0          0          0          0          0          0   entry.o
         0          0          0          0          0          0   entry10a.o
         0          0          0          0          0          0   entry11a.o
         4          0          0          0          0          0   entry12b.o
         8          4          0          0          0          0   entry2.o
         4          0          0          0          0          0   entry5.o
         0          0          0          0          0          0   entry7b.o
         0          0          0          0          0          0   entry8b.o
         8          4          0          0          0          0   entry9a.o
        24          0          0          0          0         80   fputs.o
        30          0          0          0          0          0   handlers.o
        36          8          0          0          0         68   init.o
         0          0          0          0          0          0   iusefp.o
        30          0          0          0          0         68   llshl.o
        36          0          0          0          0         68   llsshr.o
        32          0          0          0          0         68   llushr.o
       148         10         12          0         44         76   localtime.o
        26          0          0          0          0         80   memcmp.o
        36          0          0          0          0         68   memcpya.o
        36          0          0          0          0        108   memseta.o
      2268         96          0          0          0        616   printfa.o
         0          0          0          4          0          0   stderr.o
         0          0          0          4          0          0   stdout.o
        28          0          0          0          0         76   strcmp.o
        18          0          0          0          0         68   strcpy.o
        14          0          0          0          0         68   strlen.o
        30          0          0          0          0         80   strncmp.o
        44          0          0          0          0         80   uidiv.o
        98          0          0          0          0         92   uldiv.o
        48          0          0          0          0         68   cdrcmple.o
       334          0          0          0          0        148   dadd.o
       222          0          0          0          0        100   ddiv.o
       186          0          0          0          0        176   depilogue.o
        48          0          0          0          0         68   dfixul.o
       228          0          0          0          0         96   dmul.o
        46          0          0          0          0         80   dscalb.o
        38          0          0          0          0         68   f2d.o
       110          0          0          0          0        168   fepilogue.o
        10          0          0          0          0         68   ffltui.o
       100          0          0          0          0         76   fmul.o

    ----------------------------------------------------------------------
     39830       2900       1140         58        704      23348   Library Totals
        50          0          3          6          4          0   (incl. Padding)

    ----------------------------------------------------------------------

      Code (inc. data)   RO Data    RW Data    ZI Data      Debug   Library Name

     35366       2778       1125         44        656      20468   Net_Dbg_CM3_L.lib
      3044        122         12          8         44       1764   mc_w.l
      1370          0          0          0          0       1116   mf_w.l

    ----------------------------------------------------------------------
     39830       2900       1140         58        704      23348   Library Totals

    ----------------------------------------------------------------------

==============================================================================


      Code (inc. data)   RO Data    RW Data    ZI Data      Debug   

    103380       5208      33136      34736      29612    1386407   Grand Totals
    103380       5208      33136        316      29612    1386407   ELF Image Totals (compressed)
    103380       5208      33136        316          0          0   ROM Totals

==============================================================================

    Total RO  Size (Code + RO Data)               136516 ( 133.32kB)
    Total RW  Size (RW Data + ZI Data)             64348 (  62.84kB)
    Total ROM Size (Code + RO Data + RW Data)     136832 ( 133.63kB)

==============================================================================

